Archive member included to satisfy reference by file (symbol)

c:/st/stm32cubeide_1.1.0/stm32cubeide/plugins/com.st.stm32cube.ide.mcu.externaltools.gnu-tools-for-stm32.7-2018-q2-update.win32_1.0.0.201904181610/tools/bin/../lib/gcc/arm-none-eabi/7.3.1/../../../../arm-none-eabi/lib/thumb/v7e-m/fpv4-sp/hard\libc_nano.a(lib_a-errno.o)
                              Src/syscalls.o (__errno)
c:/st/stm32cubeide_1.1.0/stm32cubeide/plugins/com.st.stm32cube.ide.mcu.externaltools.gnu-tools-for-stm32.7-2018-q2-update.win32_1.0.0.201904181610/tools/bin/../lib/gcc/arm-none-eabi/7.3.1/../../../../arm-none-eabi/lib/thumb/v7e-m/fpv4-sp/hard\libc_nano.a(lib_a-exit.o)
                              c:/st/stm32cubeide_1.1.0/stm32cubeide/plugins/com.st.stm32cube.ide.mcu.externaltools.gnu-tools-for-stm32.7-2018-q2-update.win32_1.0.0.201904181610/tools/bin/../lib/gcc/arm-none-eabi/7.3.1/../../../../arm-none-eabi/lib/thumb/v7e-m/fpv4-sp/hard/crt0.o (exit)
c:/st/stm32cubeide_1.1.0/stm32cubeide/plugins/com.st.stm32cube.ide.mcu.externaltools.gnu-tools-for-stm32.7-2018-q2-update.win32_1.0.0.201904181610/tools/bin/../lib/gcc/arm-none-eabi/7.3.1/../../../../arm-none-eabi/lib/thumb/v7e-m/fpv4-sp/hard\libc_nano.a(lib_a-impure.o)
                              c:/st/stm32cubeide_1.1.0/stm32cubeide/plugins/com.st.stm32cube.ide.mcu.externaltools.gnu-tools-for-stm32.7-2018-q2-update.win32_1.0.0.201904181610/tools/bin/../lib/gcc/arm-none-eabi/7.3.1/../../../../arm-none-eabi/lib/thumb/v7e-m/fpv4-sp/hard\libc_nano.a(lib_a-exit.o) (_global_impure_ptr)
c:/st/stm32cubeide_1.1.0/stm32cubeide/plugins/com.st.stm32cube.ide.mcu.externaltools.gnu-tools-for-stm32.7-2018-q2-update.win32_1.0.0.201904181610/tools/bin/../lib/gcc/arm-none-eabi/7.3.1/../../../../arm-none-eabi/lib/thumb/v7e-m/fpv4-sp/hard\libc_nano.a(lib_a-init.o)
                              c:/st/stm32cubeide_1.1.0/stm32cubeide/plugins/com.st.stm32cube.ide.mcu.externaltools.gnu-tools-for-stm32.7-2018-q2-update.win32_1.0.0.201904181610/tools/bin/../lib/gcc/arm-none-eabi/7.3.1/../../../../arm-none-eabi/lib/thumb/v7e-m/fpv4-sp/hard/crt0.o (__libc_init_array)
c:/st/stm32cubeide_1.1.0/stm32cubeide/plugins/com.st.stm32cube.ide.mcu.externaltools.gnu-tools-for-stm32.7-2018-q2-update.win32_1.0.0.201904181610/tools/bin/../lib/gcc/arm-none-eabi/7.3.1/../../../../arm-none-eabi/lib/thumb/v7e-m/fpv4-sp/hard\libc_nano.a(lib_a-memset.o)
                              c:/st/stm32cubeide_1.1.0/stm32cubeide/plugins/com.st.stm32cube.ide.mcu.externaltools.gnu-tools-for-stm32.7-2018-q2-update.win32_1.0.0.201904181610/tools/bin/../lib/gcc/arm-none-eabi/7.3.1/../../../../arm-none-eabi/lib/thumb/v7e-m/fpv4-sp/hard/crt0.o (memset)
c:/st/stm32cubeide_1.1.0/stm32cubeide/plugins/com.st.stm32cube.ide.mcu.externaltools.gnu-tools-for-stm32.7-2018-q2-update.win32_1.0.0.201904181610/tools/bin/../lib/gcc/arm-none-eabi/7.3.1/../../../../arm-none-eabi/lib/thumb/v7e-m/fpv4-sp/hard\libc_nano.a(lib_a-strlen.o)
                              Src/007i2c_master_tx_testing.o (strlen)

Allocating common symbols
Common symbol       size              file

I2C1handle          0x30              Src/007i2c_master_tx_testing.o

Discarded input sections

 .text          0x0000000000000000        0x0 c:/st/stm32cubeide_1.1.0/stm32cubeide/plugins/com.st.stm32cube.ide.mcu.externaltools.gnu-tools-for-stm32.7-2018-q2-update.win32_1.0.0.201904181610/tools/bin/../lib/gcc/arm-none-eabi/7.3.1/thumb/v7e-m/fpv4-sp/hard/crti.o
 .data          0x0000000000000000        0x0 c:/st/stm32cubeide_1.1.0/stm32cubeide/plugins/com.st.stm32cube.ide.mcu.externaltools.gnu-tools-for-stm32.7-2018-q2-update.win32_1.0.0.201904181610/tools/bin/../lib/gcc/arm-none-eabi/7.3.1/thumb/v7e-m/fpv4-sp/hard/crti.o
 .bss           0x0000000000000000        0x0 c:/st/stm32cubeide_1.1.0/stm32cubeide/plugins/com.st.stm32cube.ide.mcu.externaltools.gnu-tools-for-stm32.7-2018-q2-update.win32_1.0.0.201904181610/tools/bin/../lib/gcc/arm-none-eabi/7.3.1/thumb/v7e-m/fpv4-sp/hard/crti.o
 .data          0x0000000000000000        0x4 c:/st/stm32cubeide_1.1.0/stm32cubeide/plugins/com.st.stm32cube.ide.mcu.externaltools.gnu-tools-for-stm32.7-2018-q2-update.win32_1.0.0.201904181610/tools/bin/../lib/gcc/arm-none-eabi/7.3.1/thumb/v7e-m/fpv4-sp/hard/crtbegin.o
 .text          0x0000000000000000       0x74 c:/st/stm32cubeide_1.1.0/stm32cubeide/plugins/com.st.stm32cube.ide.mcu.externaltools.gnu-tools-for-stm32.7-2018-q2-update.win32_1.0.0.201904181610/tools/bin/../lib/gcc/arm-none-eabi/7.3.1/../../../../arm-none-eabi/lib/thumb/v7e-m/fpv4-sp/hard/crt0.o
 .data          0x0000000000000000        0x0 c:/st/stm32cubeide_1.1.0/stm32cubeide/plugins/com.st.stm32cube.ide.mcu.externaltools.gnu-tools-for-stm32.7-2018-q2-update.win32_1.0.0.201904181610/tools/bin/../lib/gcc/arm-none-eabi/7.3.1/../../../../arm-none-eabi/lib/thumb/v7e-m/fpv4-sp/hard/crt0.o
 .bss           0x0000000000000000        0x0 c:/st/stm32cubeide_1.1.0/stm32cubeide/plugins/com.st.stm32cube.ide.mcu.externaltools.gnu-tools-for-stm32.7-2018-q2-update.win32_1.0.0.201904181610/tools/bin/../lib/gcc/arm-none-eabi/7.3.1/../../../../arm-none-eabi/lib/thumb/v7e-m/fpv4-sp/hard/crt0.o
 .ARM.extab     0x0000000000000000        0x0 c:/st/stm32cubeide_1.1.0/stm32cubeide/plugins/com.st.stm32cube.ide.mcu.externaltools.gnu-tools-for-stm32.7-2018-q2-update.win32_1.0.0.201904181610/tools/bin/../lib/gcc/arm-none-eabi/7.3.1/../../../../arm-none-eabi/lib/thumb/v7e-m/fpv4-sp/hard/crt0.o
 .ARM.exidx     0x0000000000000000        0x8 c:/st/stm32cubeide_1.1.0/stm32cubeide/plugins/com.st.stm32cube.ide.mcu.externaltools.gnu-tools-for-stm32.7-2018-q2-update.win32_1.0.0.201904181610/tools/bin/../lib/gcc/arm-none-eabi/7.3.1/../../../../arm-none-eabi/lib/thumb/v7e-m/fpv4-sp/hard/crt0.o
 .ARM.attributes
                0x0000000000000000       0x20 c:/st/stm32cubeide_1.1.0/stm32cubeide/plugins/com.st.stm32cube.ide.mcu.externaltools.gnu-tools-for-stm32.7-2018-q2-update.win32_1.0.0.201904181610/tools/bin/../lib/gcc/arm-none-eabi/7.3.1/../../../../arm-none-eabi/lib/thumb/v7e-m/fpv4-sp/hard/crt0.o
 .group         0x0000000000000000        0xc Src/007i2c_master_tx_testing.o
 .group         0x0000000000000000        0xc Src/007i2c_master_tx_testing.o
 .group         0x0000000000000000        0xc Src/007i2c_master_tx_testing.o
 .group         0x0000000000000000        0xc Src/007i2c_master_tx_testing.o
 .group         0x0000000000000000        0xc Src/007i2c_master_tx_testing.o
 .group         0x0000000000000000        0xc Src/007i2c_master_tx_testing.o
 .group         0x0000000000000000        0xc Src/007i2c_master_tx_testing.o
 .group         0x0000000000000000        0xc Src/007i2c_master_tx_testing.o
 .group         0x0000000000000000        0xc Src/007i2c_master_tx_testing.o
 .group         0x0000000000000000        0xc Src/007i2c_master_tx_testing.o
 .group         0x0000000000000000        0xc Src/007i2c_master_tx_testing.o
 .group         0x0000000000000000        0xc Src/007i2c_master_tx_testing.o
 .group         0x0000000000000000        0xc Src/007i2c_master_tx_testing.o
 .group         0x0000000000000000        0xc Src/007i2c_master_tx_testing.o
 .group         0x0000000000000000        0xc Src/007i2c_master_tx_testing.o
 .group         0x0000000000000000        0xc Src/007i2c_master_tx_testing.o
 .group         0x0000000000000000        0xc Src/007i2c_master_tx_testing.o
 .group         0x0000000000000000        0xc Src/007i2c_master_tx_testing.o
 .group         0x0000000000000000        0xc Src/007i2c_master_tx_testing.o
 .group         0x0000000000000000        0xc Src/007i2c_master_tx_testing.o
 .group         0x0000000000000000        0xc Src/007i2c_master_tx_testing.o
 .group         0x0000000000000000        0xc Src/007i2c_master_tx_testing.o
 .group         0x0000000000000000        0xc Src/007i2c_master_tx_testing.o
 .group         0x0000000000000000        0xc Src/007i2c_master_tx_testing.o
 .group         0x0000000000000000        0xc Src/007i2c_master_tx_testing.o
 .group         0x0000000000000000        0xc Src/007i2c_master_tx_testing.o
 .group         0x0000000000000000        0xc Src/007i2c_master_tx_testing.o
 .group         0x0000000000000000        0xc Src/007i2c_master_tx_testing.o
 .group         0x0000000000000000        0xc Src/007i2c_master_tx_testing.o
 .group         0x0000000000000000        0xc Src/007i2c_master_tx_testing.o
 .group         0x0000000000000000        0xc Src/007i2c_master_tx_testing.o
 .group         0x0000000000000000        0xc Src/007i2c_master_tx_testing.o
 .group         0x0000000000000000        0xc Src/007i2c_master_tx_testing.o
 .group         0x0000000000000000        0xc Src/007i2c_master_tx_testing.o
 .group         0x0000000000000000        0xc Src/007i2c_master_tx_testing.o
 .group         0x0000000000000000        0xc Src/007i2c_master_tx_testing.o
 .group         0x0000000000000000        0xc Src/007i2c_master_tx_testing.o
 .group         0x0000000000000000        0xc Src/007i2c_master_tx_testing.o
 .group         0x0000000000000000        0xc Src/007i2c_master_tx_testing.o
 .text          0x0000000000000000        0x0 Src/007i2c_master_tx_testing.o
 .data          0x0000000000000000        0x0 Src/007i2c_master_tx_testing.o
 .bss           0x0000000000000000        0x0 Src/007i2c_master_tx_testing.o
 .group         0x0000000000000000        0xc Src/syscalls.o
 .group         0x0000000000000000        0xc Src/syscalls.o
 .group         0x0000000000000000        0xc Src/syscalls.o
 .group         0x0000000000000000        0xc Src/syscalls.o
 .group         0x0000000000000000        0xc Src/syscalls.o
 .group         0x0000000000000000        0xc Src/syscalls.o
 .group         0x0000000000000000        0xc Src/syscalls.o
 .group         0x0000000000000000        0xc Src/syscalls.o
 .group         0x0000000000000000        0xc Src/syscalls.o
 .group         0x0000000000000000        0xc Src/syscalls.o
 .group         0x0000000000000000        0xc Src/syscalls.o
 .group         0x0000000000000000        0xc Src/syscalls.o
 .group         0x0000000000000000        0xc Src/syscalls.o
 .group         0x0000000000000000        0xc Src/syscalls.o
 .group         0x0000000000000000        0xc Src/syscalls.o
 .group         0x0000000000000000        0xc Src/syscalls.o
 .group         0x0000000000000000        0xc Src/syscalls.o
 .group         0x0000000000000000        0xc Src/syscalls.o
 .group         0x0000000000000000        0xc Src/syscalls.o
 .group         0x0000000000000000        0xc Src/syscalls.o
 .group         0x0000000000000000        0xc Src/syscalls.o
 .group         0x0000000000000000        0xc Src/syscalls.o
 .group         0x0000000000000000        0xc Src/syscalls.o
 .group         0x0000000000000000        0xc Src/syscalls.o
 .group         0x0000000000000000        0xc Src/syscalls.o
 .group         0x0000000000000000        0xc Src/syscalls.o
 .group         0x0000000000000000        0xc Src/syscalls.o
 .group         0x0000000000000000        0xc Src/syscalls.o
 .group         0x0000000000000000        0xc Src/syscalls.o
 .group         0x0000000000000000        0xc Src/syscalls.o
 .group         0x0000000000000000        0xc Src/syscalls.o
 .group         0x0000000000000000        0xc Src/syscalls.o
 .group         0x0000000000000000        0xc Src/syscalls.o
 .group         0x0000000000000000        0xc Src/syscalls.o
 .group         0x0000000000000000        0xc Src/syscalls.o
 .group         0x0000000000000000        0xc Src/syscalls.o
 .group         0x0000000000000000        0xc Src/syscalls.o
 .group         0x0000000000000000        0xc Src/syscalls.o
 .group         0x0000000000000000        0xc Src/syscalls.o
 .group         0x0000000000000000        0xc Src/syscalls.o
 .group         0x0000000000000000        0xc Src/syscalls.o
 .group         0x0000000000000000        0xc Src/syscalls.o
 .group         0x0000000000000000        0xc Src/syscalls.o
 .group         0x0000000000000000        0xc Src/syscalls.o
 .text          0x0000000000000000        0x0 Src/syscalls.o
 .data          0x0000000000000000        0x0 Src/syscalls.o
 .bss           0x0000000000000000        0x0 Src/syscalls.o
 .text.ITM_SendChar
                0x0000000000000000       0x50 Src/syscalls.o
 .bss.__env     0x0000000000000000        0x4 Src/syscalls.o
 .data.environ  0x0000000000000000        0x4 Src/syscalls.o
 .text.initialise_monitor_handles
                0x0000000000000000        0xe Src/syscalls.o
 .text._getpid  0x0000000000000000       0x10 Src/syscalls.o
 .text._kill    0x0000000000000000       0x20 Src/syscalls.o
 .text._exit    0x0000000000000000       0x14 Src/syscalls.o
 .text._read    0x0000000000000000       0x3a Src/syscalls.o
 .text._write   0x0000000000000000       0x38 Src/syscalls.o
 .text._close   0x0000000000000000       0x18 Src/syscalls.o
 .text._fstat   0x0000000000000000       0x20 Src/syscalls.o
 .text._isatty  0x0000000000000000       0x16 Src/syscalls.o
 .text._lseek   0x0000000000000000       0x1a Src/syscalls.o
 .text._open    0x0000000000000000       0x1c Src/syscalls.o
 .text._wait    0x0000000000000000       0x1e Src/syscalls.o
 .text._unlink  0x0000000000000000       0x1e Src/syscalls.o
 .text._times   0x0000000000000000       0x18 Src/syscalls.o
 .text._stat    0x0000000000000000       0x20 Src/syscalls.o
 .text._link    0x0000000000000000       0x20 Src/syscalls.o
 .text._fork    0x0000000000000000       0x16 Src/syscalls.o
 .text._execve  0x0000000000000000       0x22 Src/syscalls.o
 .debug_info    0x0000000000000000      0xefd Src/syscalls.o
 .debug_abbrev  0x0000000000000000      0x279 Src/syscalls.o
 .debug_aranges
                0x0000000000000000       0xb0 Src/syscalls.o
 .debug_ranges  0x0000000000000000       0xa0 Src/syscalls.o
 .debug_macro   0x0000000000000000      0x255 Src/syscalls.o
 .debug_macro   0x0000000000000000      0xa60 Src/syscalls.o
 .debug_macro   0x0000000000000000       0x22 Src/syscalls.o
 .debug_macro   0x0000000000000000       0x40 Src/syscalls.o
 .debug_macro   0x0000000000000000       0x18 Src/syscalls.o
 .debug_macro   0x0000000000000000       0x94 Src/syscalls.o
 .debug_macro   0x0000000000000000       0x3c Src/syscalls.o
 .debug_macro   0x0000000000000000       0x34 Src/syscalls.o
 .debug_macro   0x0000000000000000       0x57 Src/syscalls.o
 .debug_macro   0x0000000000000000      0x174 Src/syscalls.o
 .debug_macro   0x0000000000000000      0x330 Src/syscalls.o
 .debug_macro   0x0000000000000000       0x52 Src/syscalls.o
 .debug_macro   0x0000000000000000       0x1f Src/syscalls.o
 .debug_macro   0x0000000000000000       0x43 Src/syscalls.o
 .debug_macro   0x0000000000000000       0x20 Src/syscalls.o
 .debug_macro   0x0000000000000000      0x1a3 Src/syscalls.o
 .debug_macro   0x0000000000000000       0x10 Src/syscalls.o
 .debug_macro   0x0000000000000000       0x35 Src/syscalls.o
 .debug_macro   0x0000000000000000       0x10 Src/syscalls.o
 .debug_macro   0x0000000000000000       0x10 Src/syscalls.o
 .debug_macro   0x0000000000000000       0x10 Src/syscalls.o
 .debug_macro   0x0000000000000000       0x6a Src/syscalls.o
 .debug_macro   0x0000000000000000       0x1c Src/syscalls.o
 .debug_macro   0x0000000000000000       0x52 Src/syscalls.o
 .debug_macro   0x0000000000000000       0x40 Src/syscalls.o
 .debug_macro   0x0000000000000000       0x10 Src/syscalls.o
 .debug_macro   0x0000000000000000       0x40 Src/syscalls.o
 .debug_macro   0x0000000000000000       0xd7 Src/syscalls.o
 .debug_macro   0x0000000000000000       0x1c Src/syscalls.o
 .debug_macro   0x0000000000000000       0x3d Src/syscalls.o
 .debug_macro   0x0000000000000000       0x35 Src/syscalls.o
 .debug_macro   0x0000000000000000      0x122 Src/syscalls.o
 .debug_macro   0x0000000000000000       0x16 Src/syscalls.o
 .debug_macro   0x0000000000000000       0x16 Src/syscalls.o
 .debug_macro   0x0000000000000000       0x29 Src/syscalls.o
 .debug_macro   0x0000000000000000       0x10 Src/syscalls.o
 .debug_macro   0x0000000000000000      0x241 Src/syscalls.o
 .debug_macro   0x0000000000000000       0x1c Src/syscalls.o
 .debug_macro   0x0000000000000000       0x10 Src/syscalls.o
 .debug_macro   0x0000000000000000       0x10 Src/syscalls.o
 .debug_macro   0x0000000000000000       0x16 Src/syscalls.o
 .debug_macro   0x0000000000000000      0x145 Src/syscalls.o
 .debug_macro   0x0000000000000000      0x189 Src/syscalls.o
 .debug_macro   0x0000000000000000       0x16 Src/syscalls.o
 .debug_macro   0x0000000000000000       0x88 Src/syscalls.o
 .debug_line    0x0000000000000000      0x759 Src/syscalls.o
 .debug_str     0x0000000000000000     0x8945 Src/syscalls.o
 .comment       0x0000000000000000       0x7c Src/syscalls.o
 .debug_frame   0x0000000000000000      0x2d4 Src/syscalls.o
 .ARM.attributes
                0x0000000000000000       0x39 Src/syscalls.o
 .group         0x0000000000000000        0xc Src/sysmem.o
 .group         0x0000000000000000        0xc Src/sysmem.o
 .group         0x0000000000000000        0xc Src/sysmem.o
 .group         0x0000000000000000        0xc Src/sysmem.o
 .group         0x0000000000000000        0xc Src/sysmem.o
 .group         0x0000000000000000        0xc Src/sysmem.o
 .group         0x0000000000000000        0xc Src/sysmem.o
 .group         0x0000000000000000        0xc Src/sysmem.o
 .group         0x0000000000000000        0xc Src/sysmem.o
 .group         0x0000000000000000        0xc Src/sysmem.o
 .group         0x0000000000000000        0xc Src/sysmem.o
 .group         0x0000000000000000        0xc Src/sysmem.o
 .group         0x0000000000000000        0xc Src/sysmem.o
 .group         0x0000000000000000        0xc Src/sysmem.o
 .group         0x0000000000000000        0xc Src/sysmem.o
 .group         0x0000000000000000        0xc Src/sysmem.o
 .group         0x0000000000000000        0xc Src/sysmem.o
 .group         0x0000000000000000        0xc Src/sysmem.o
 .group         0x0000000000000000        0xc Src/sysmem.o
 .group         0x0000000000000000        0xc Src/sysmem.o
 .group         0x0000000000000000        0xc Src/sysmem.o
 .group         0x0000000000000000        0xc Src/sysmem.o
 .group         0x0000000000000000        0xc Src/sysmem.o
 .group         0x0000000000000000        0xc Src/sysmem.o
 .group         0x0000000000000000        0xc Src/sysmem.o
 .group         0x0000000000000000        0xc Src/sysmem.o
 .group         0x0000000000000000        0xc Src/sysmem.o
 .group         0x0000000000000000        0xc Src/sysmem.o
 .group         0x0000000000000000        0xc Src/sysmem.o
 .group         0x0000000000000000        0xc Src/sysmem.o
 .group         0x0000000000000000        0xc Src/sysmem.o
 .group         0x0000000000000000        0xc Src/sysmem.o
 .text          0x0000000000000000        0x0 Src/sysmem.o
 .data          0x0000000000000000        0x0 Src/sysmem.o
 .bss           0x0000000000000000        0x0 Src/sysmem.o
 .bss.heap_end.6424
                0x0000000000000000        0x4 Src/sysmem.o
 .text._sbrk    0x0000000000000000       0x58 Src/sysmem.o
 .debug_info    0x0000000000000000      0x91c Src/sysmem.o
 .debug_abbrev  0x0000000000000000      0x1bb Src/sysmem.o
 .debug_aranges
                0x0000000000000000       0x20 Src/sysmem.o
 .debug_ranges  0x0000000000000000       0x10 Src/sysmem.o
 .debug_macro   0x0000000000000000      0x1ae Src/sysmem.o
 .debug_macro   0x0000000000000000      0xa60 Src/sysmem.o
 .debug_macro   0x0000000000000000       0x10 Src/sysmem.o
 .debug_macro   0x0000000000000000       0x22 Src/sysmem.o
 .debug_macro   0x0000000000000000       0x40 Src/sysmem.o
 .debug_macro   0x0000000000000000       0x18 Src/sysmem.o
 .debug_macro   0x0000000000000000       0x94 Src/sysmem.o
 .debug_macro   0x0000000000000000       0x3c Src/sysmem.o
 .debug_macro   0x0000000000000000       0x34 Src/sysmem.o
 .debug_macro   0x0000000000000000      0x174 Src/sysmem.o
 .debug_macro   0x0000000000000000       0x57 Src/sysmem.o
 .debug_macro   0x0000000000000000       0x52 Src/sysmem.o
 .debug_macro   0x0000000000000000       0x1f Src/sysmem.o
 .debug_macro   0x0000000000000000       0x43 Src/sysmem.o
 .debug_macro   0x0000000000000000       0x20 Src/sysmem.o
 .debug_macro   0x0000000000000000      0x1a3 Src/sysmem.o
 .debug_macro   0x0000000000000000      0x23b Src/sysmem.o
 .debug_macro   0x0000000000000000       0x16 Src/sysmem.o
 .debug_macro   0x0000000000000000       0x35 Src/sysmem.o
 .debug_macro   0x0000000000000000      0x330 Src/sysmem.o
 .debug_macro   0x0000000000000000       0x10 Src/sysmem.o
 .debug_macro   0x0000000000000000       0x10 Src/sysmem.o
 .debug_macro   0x0000000000000000       0x6a Src/sysmem.o
 .debug_macro   0x0000000000000000       0x1c Src/sysmem.o
 .debug_macro   0x0000000000000000       0x52 Src/sysmem.o
 .debug_macro   0x0000000000000000       0x40 Src/sysmem.o
 .debug_macro   0x0000000000000000       0x10 Src/sysmem.o
 .debug_macro   0x0000000000000000       0x40 Src/sysmem.o
 .debug_macro   0x0000000000000000       0xd7 Src/sysmem.o
 .debug_macro   0x0000000000000000       0x1c Src/sysmem.o
 .debug_macro   0x0000000000000000       0x3d Src/sysmem.o
 .debug_macro   0x0000000000000000       0x16 Src/sysmem.o
 .debug_macro   0x0000000000000000      0x145 Src/sysmem.o
 .debug_line    0x0000000000000000      0x559 Src/sysmem.o
 .debug_str     0x0000000000000000     0x7ae3 Src/sysmem.o
 .comment       0x0000000000000000       0x7c Src/sysmem.o
 .debug_frame   0x0000000000000000       0x34 Src/sysmem.o
 .ARM.attributes
                0x0000000000000000       0x39 Src/sysmem.o
 .text          0x0000000000000000       0x14 Startup/startup_stm32f407vgtx.o
 .data          0x0000000000000000        0x0 Startup/startup_stm32f407vgtx.o
 .bss           0x0000000000000000        0x0 Startup/startup_stm32f407vgtx.o
 .group         0x0000000000000000        0xc drivers/src/gpio_driver.o
 .group         0x0000000000000000        0xc drivers/src/gpio_driver.o
 .group         0x0000000000000000        0xc drivers/src/gpio_driver.o
 .group         0x0000000000000000        0xc drivers/src/gpio_driver.o
 .group         0x0000000000000000        0xc drivers/src/gpio_driver.o
 .group         0x0000000000000000        0xc drivers/src/gpio_driver.o
 .group         0x0000000000000000        0xc drivers/src/gpio_driver.o
 .group         0x0000000000000000        0xc drivers/src/gpio_driver.o
 .group         0x0000000000000000        0xc drivers/src/gpio_driver.o
 .group         0x0000000000000000        0xc drivers/src/gpio_driver.o
 .group         0x0000000000000000        0xc drivers/src/gpio_driver.o
 .group         0x0000000000000000        0xc drivers/src/gpio_driver.o
 .group         0x0000000000000000        0xc drivers/src/gpio_driver.o
 .group         0x0000000000000000        0xc drivers/src/gpio_driver.o
 .group         0x0000000000000000        0xc drivers/src/gpio_driver.o
 .group         0x0000000000000000        0xc drivers/src/gpio_driver.o
 .group         0x0000000000000000        0xc drivers/src/gpio_driver.o
 .group         0x0000000000000000        0xc drivers/src/gpio_driver.o
 .group         0x0000000000000000        0xc drivers/src/gpio_driver.o
 .group         0x0000000000000000        0xc drivers/src/gpio_driver.o
 .group         0x0000000000000000        0xc drivers/src/gpio_driver.o
 .group         0x0000000000000000        0xc drivers/src/gpio_driver.o
 .group         0x0000000000000000        0xc drivers/src/gpio_driver.o
 .group         0x0000000000000000        0xc drivers/src/gpio_driver.o
 .group         0x0000000000000000        0xc drivers/src/gpio_driver.o
 .group         0x0000000000000000        0xc drivers/src/gpio_driver.o
 .text          0x0000000000000000        0x0 drivers/src/gpio_driver.o
 .data          0x0000000000000000        0x0 drivers/src/gpio_driver.o
 .bss           0x0000000000000000        0x0 drivers/src/gpio_driver.o
 .text.GPIO_DeInit
                0x0000000000000000      0x16c drivers/src/gpio_driver.o
 .text.GPIO_WritePin
                0x0000000000000000       0x64 drivers/src/gpio_driver.o
 .text.GPIO_ReadPort
                0x0000000000000000       0x1c drivers/src/gpio_driver.o
 .text.GPIO_WritePort
                0x0000000000000000       0x22 drivers/src/gpio_driver.o
 .text.GPIO_TogglePin
                0x0000000000000000       0x2a drivers/src/gpio_driver.o
 .text.GPIO_IRQInterruptConfig
                0x0000000000000000      0x100 drivers/src/gpio_driver.o
 .text.GPIO_IRQPriorityConfig
                0x0000000000000000       0x54 drivers/src/gpio_driver.o
 .text.GPIO_IRQHandling
                0x0000000000000000       0x40 drivers/src/gpio_driver.o
 .text.GPIO_output
                0x0000000000000000       0x48 drivers/src/gpio_driver.o
 .debug_macro   0x0000000000000000      0xa60 drivers/src/gpio_driver.o
 .debug_macro   0x0000000000000000       0x22 drivers/src/gpio_driver.o
 .debug_macro   0x0000000000000000       0x8e drivers/src/gpio_driver.o
 .debug_macro   0x0000000000000000       0x51 drivers/src/gpio_driver.o
 .debug_macro   0x0000000000000000       0xef drivers/src/gpio_driver.o
 .debug_macro   0x0000000000000000       0x6a drivers/src/gpio_driver.o
 .debug_macro   0x0000000000000000      0x1df drivers/src/gpio_driver.o
 .debug_macro   0x0000000000000000       0x46 drivers/src/gpio_driver.o
 .debug_macro   0x0000000000000000       0x18 drivers/src/gpio_driver.o
 .debug_macro   0x0000000000000000       0x3c drivers/src/gpio_driver.o
 .debug_macro   0x0000000000000000       0x34 drivers/src/gpio_driver.o
 .debug_macro   0x0000000000000000      0x174 drivers/src/gpio_driver.o
 .debug_macro   0x0000000000000000       0x52 drivers/src/gpio_driver.o
 .debug_macro   0x0000000000000000       0x1f drivers/src/gpio_driver.o
 .debug_macro   0x0000000000000000       0x43 drivers/src/gpio_driver.o
 .debug_macro   0x0000000000000000       0x20 drivers/src/gpio_driver.o
 .debug_macro   0x0000000000000000      0x1a3 drivers/src/gpio_driver.o
 .debug_macro   0x0000000000000000      0x330 drivers/src/gpio_driver.o
 .debug_macro   0x0000000000000000       0x10 drivers/src/gpio_driver.o
 .debug_macro   0x0000000000000000       0x35 drivers/src/gpio_driver.o
 .debug_macro   0x0000000000000000       0x20 drivers/src/gpio_driver.o
 .debug_macro   0x0000000000000000      0x97f drivers/src/gpio_driver.o
 .debug_macro   0x0000000000000000       0xd6 drivers/src/gpio_driver.o
 .debug_macro   0x0000000000000000      0x10f drivers/src/gpio_driver.o
 .debug_macro   0x0000000000000000       0x64 drivers/src/gpio_driver.o
 .group         0x0000000000000000        0xc drivers/src/i2c_driver.o
 .group         0x0000000000000000        0xc drivers/src/i2c_driver.o
 .group         0x0000000000000000        0xc drivers/src/i2c_driver.o
 .group         0x0000000000000000        0xc drivers/src/i2c_driver.o
 .group         0x0000000000000000        0xc drivers/src/i2c_driver.o
 .group         0x0000000000000000        0xc drivers/src/i2c_driver.o
 .group         0x0000000000000000        0xc drivers/src/i2c_driver.o
 .group         0x0000000000000000        0xc drivers/src/i2c_driver.o
 .group         0x0000000000000000        0xc drivers/src/i2c_driver.o
 .group         0x0000000000000000        0xc drivers/src/i2c_driver.o
 .group         0x0000000000000000        0xc drivers/src/i2c_driver.o
 .group         0x0000000000000000        0xc drivers/src/i2c_driver.o
 .group         0x0000000000000000        0xc drivers/src/i2c_driver.o
 .group         0x0000000000000000        0xc drivers/src/i2c_driver.o
 .group         0x0000000000000000        0xc drivers/src/i2c_driver.o
 .group         0x0000000000000000        0xc drivers/src/i2c_driver.o
 .group         0x0000000000000000        0xc drivers/src/i2c_driver.o
 .group         0x0000000000000000        0xc drivers/src/i2c_driver.o
 .group         0x0000000000000000        0xc drivers/src/i2c_driver.o
 .group         0x0000000000000000        0xc drivers/src/i2c_driver.o
 .group         0x0000000000000000        0xc drivers/src/i2c_driver.o
 .group         0x0000000000000000        0xc drivers/src/i2c_driver.o
 .group         0x0000000000000000        0xc drivers/src/i2c_driver.o
 .group         0x0000000000000000        0xc drivers/src/i2c_driver.o
 .group         0x0000000000000000        0xc drivers/src/i2c_driver.o
 .group         0x0000000000000000        0xc drivers/src/i2c_driver.o
 .text          0x0000000000000000        0x0 drivers/src/i2c_driver.o
 .data          0x0000000000000000        0x0 drivers/src/i2c_driver.o
 .bss           0x0000000000000000        0x0 drivers/src/i2c_driver.o
 .text.I2C_ExecuteAddressPhaseRead
                0x0000000000000000       0x2c drivers/src/i2c_driver.o
 .text.I2C_SlaveEnableDisableCallbackEvents
                0x0000000000000000       0x68 drivers/src/i2c_driver.o
 .text.I2C_DeInit
                0x0000000000000000       0x88 drivers/src/i2c_driver.o
 .text.I2C_MasterReceiveData
                0x0000000000000000      0x124 drivers/src/i2c_driver.o
 .text.I2C_IRQInterruptConfig
                0x0000000000000000      0x10c drivers/src/i2c_driver.o
 .text.I2C_IRQPriorityConfig
                0x0000000000000000       0x54 drivers/src/i2c_driver.o
 .text.I2C_MasterSendDataIT
                0x0000000000000000       0x8c drivers/src/i2c_driver.o
 .text.I2C_MasterReceiveDataIT
                0x0000000000000000       0x9a drivers/src/i2c_driver.o
 .text.I2C_MasterHandleTXEInterrupt
                0x0000000000000000       0x3c drivers/src/i2c_driver.o
 .text.I2C_MasterHandleRXNEInterrupt
                0x0000000000000000       0x98 drivers/src/i2c_driver.o
 .text.I2C_CloseReceiveData
                0x0000000000000000       0x5e drivers/src/i2c_driver.o
 .text.I2C_CloseSendData
                0x0000000000000000       0x48 drivers/src/i2c_driver.o
 .text.I2C_SlaveSendData
                0x0000000000000000       0x1e drivers/src/i2c_driver.o
 .text.I2C_SlaveReceiveData
                0x0000000000000000       0x1a drivers/src/i2c_driver.o
 .text.I2C_EV_IRQHandling
                0x0000000000000000      0x1c6 drivers/src/i2c_driver.o
 .text.I2C_ER_IRQHandling
                0x0000000000000000      0x10c drivers/src/i2c_driver.o
 .debug_macro   0x0000000000000000      0xa60 drivers/src/i2c_driver.o
 .debug_macro   0x0000000000000000       0x22 drivers/src/i2c_driver.o
 .debug_macro   0x0000000000000000       0x8e drivers/src/i2c_driver.o
 .debug_macro   0x0000000000000000       0x51 drivers/src/i2c_driver.o
 .debug_macro   0x0000000000000000       0xef drivers/src/i2c_driver.o
 .debug_macro   0x0000000000000000       0x6a drivers/src/i2c_driver.o
 .debug_macro   0x0000000000000000      0x1df drivers/src/i2c_driver.o
 .debug_macro   0x0000000000000000       0x46 drivers/src/i2c_driver.o
 .debug_macro   0x0000000000000000       0x18 drivers/src/i2c_driver.o
 .debug_macro   0x0000000000000000       0x3c drivers/src/i2c_driver.o
 .debug_macro   0x0000000000000000       0x34 drivers/src/i2c_driver.o
 .debug_macro   0x0000000000000000      0x174 drivers/src/i2c_driver.o
 .debug_macro   0x0000000000000000       0x52 drivers/src/i2c_driver.o
 .debug_macro   0x0000000000000000       0x1f drivers/src/i2c_driver.o
 .debug_macro   0x0000000000000000       0x43 drivers/src/i2c_driver.o
 .debug_macro   0x0000000000000000       0x20 drivers/src/i2c_driver.o
 .debug_macro   0x0000000000000000      0x1a3 drivers/src/i2c_driver.o
 .debug_macro   0x0000000000000000      0x330 drivers/src/i2c_driver.o
 .debug_macro   0x0000000000000000       0x10 drivers/src/i2c_driver.o
 .debug_macro   0x0000000000000000       0x35 drivers/src/i2c_driver.o
 .debug_macro   0x0000000000000000       0x20 drivers/src/i2c_driver.o
 .debug_macro   0x0000000000000000      0x97f drivers/src/i2c_driver.o
 .debug_macro   0x0000000000000000       0x64 drivers/src/i2c_driver.o
 .debug_macro   0x0000000000000000       0xc2 drivers/src/i2c_driver.o
 .debug_macro   0x0000000000000000      0x10f drivers/src/i2c_driver.o
 .group         0x0000000000000000        0xc drivers/src/spi_driver.o
 .group         0x0000000000000000        0xc drivers/src/spi_driver.o
 .group         0x0000000000000000        0xc drivers/src/spi_driver.o
 .group         0x0000000000000000        0xc drivers/src/spi_driver.o
 .group         0x0000000000000000        0xc drivers/src/spi_driver.o
 .group         0x0000000000000000        0xc drivers/src/spi_driver.o
 .group         0x0000000000000000        0xc drivers/src/spi_driver.o
 .group         0x0000000000000000        0xc drivers/src/spi_driver.o
 .group         0x0000000000000000        0xc drivers/src/spi_driver.o
 .group         0x0000000000000000        0xc drivers/src/spi_driver.o
 .group         0x0000000000000000        0xc drivers/src/spi_driver.o
 .group         0x0000000000000000        0xc drivers/src/spi_driver.o
 .group         0x0000000000000000        0xc drivers/src/spi_driver.o
 .group         0x0000000000000000        0xc drivers/src/spi_driver.o
 .group         0x0000000000000000        0xc drivers/src/spi_driver.o
 .group         0x0000000000000000        0xc drivers/src/spi_driver.o
 .group         0x0000000000000000        0xc drivers/src/spi_driver.o
 .group         0x0000000000000000        0xc drivers/src/spi_driver.o
 .group         0x0000000000000000        0xc drivers/src/spi_driver.o
 .group         0x0000000000000000        0xc drivers/src/spi_driver.o
 .group         0x0000000000000000        0xc drivers/src/spi_driver.o
 .group         0x0000000000000000        0xc drivers/src/spi_driver.o
 .group         0x0000000000000000        0xc drivers/src/spi_driver.o
 .group         0x0000000000000000        0xc drivers/src/spi_driver.o
 .group         0x0000000000000000        0xc drivers/src/spi_driver.o
 .group         0x0000000000000000        0xc drivers/src/spi_driver.o
 .text          0x0000000000000000        0x0 drivers/src/spi_driver.o
 .data          0x0000000000000000        0x0 drivers/src/spi_driver.o
 .bss           0x0000000000000000        0x0 drivers/src/spi_driver.o
 .text.GetFlagStatus
                0x0000000000000000       0x28 drivers/src/spi_driver.o
 .text.SPI_Init
                0x0000000000000000       0xb6 drivers/src/spi_driver.o
 .text.SPI_DeInit
                0x0000000000000000       0x88 drivers/src/spi_driver.o
 .text.SPI_PclkControl
                0x0000000000000000       0xb4 drivers/src/spi_driver.o
 .text.SPI_SendData
                0x0000000000000000       0x74 drivers/src/spi_driver.o
 .text.SPI_ReceiveData
                0x0000000000000000       0x6c drivers/src/spi_driver.o
 .text.SPI_PeripheralControl
                0x0000000000000000       0x38 drivers/src/spi_driver.o
 .text.SPI_SSIconfig
                0x0000000000000000       0x38 drivers/src/spi_driver.o
 .text.SPI_SSOEconfig
                0x0000000000000000       0x38 drivers/src/spi_driver.o
 .debug_info    0x0000000000000000      0xd4f drivers/src/spi_driver.o
 .debug_abbrev  0x0000000000000000      0x1cd drivers/src/spi_driver.o
 .debug_aranges
                0x0000000000000000       0x60 drivers/src/spi_driver.o
 .debug_ranges  0x0000000000000000       0x50 drivers/src/spi_driver.o
 .debug_macro   0x0000000000000000      0x174 drivers/src/spi_driver.o
 .debug_macro   0x0000000000000000      0xa60 drivers/src/spi_driver.o
 .debug_macro   0x0000000000000000       0x22 drivers/src/spi_driver.o
 .debug_macro   0x0000000000000000       0x8e drivers/src/spi_driver.o
 .debug_macro   0x0000000000000000       0x51 drivers/src/spi_driver.o
 .debug_macro   0x0000000000000000       0xef drivers/src/spi_driver.o
 .debug_macro   0x0000000000000000       0x6a drivers/src/spi_driver.o
 .debug_macro   0x0000000000000000      0x1df drivers/src/spi_driver.o
 .debug_macro   0x0000000000000000       0x46 drivers/src/spi_driver.o
 .debug_macro   0x0000000000000000       0x18 drivers/src/spi_driver.o
 .debug_macro   0x0000000000000000       0x3c drivers/src/spi_driver.o
 .debug_macro   0x0000000000000000       0x34 drivers/src/spi_driver.o
 .debug_macro   0x0000000000000000      0x174 drivers/src/spi_driver.o
 .debug_macro   0x0000000000000000       0x52 drivers/src/spi_driver.o
 .debug_macro   0x0000000000000000       0x1f drivers/src/spi_driver.o
 .debug_macro   0x0000000000000000       0x43 drivers/src/spi_driver.o
 .debug_macro   0x0000000000000000       0x20 drivers/src/spi_driver.o
 .debug_macro   0x0000000000000000      0x1a3 drivers/src/spi_driver.o
 .debug_macro   0x0000000000000000      0x330 drivers/src/spi_driver.o
 .debug_macro   0x0000000000000000       0x10 drivers/src/spi_driver.o
 .debug_macro   0x0000000000000000       0x35 drivers/src/spi_driver.o
 .debug_macro   0x0000000000000000       0x20 drivers/src/spi_driver.o
 .debug_macro   0x0000000000000000      0x97f drivers/src/spi_driver.o
 .debug_macro   0x0000000000000000       0x64 drivers/src/spi_driver.o
 .debug_macro   0x0000000000000000       0xd6 drivers/src/spi_driver.o
 .debug_macro   0x0000000000000000      0x10f drivers/src/spi_driver.o
 .debug_macro   0x0000000000000000       0xbc drivers/src/spi_driver.o
 .debug_line    0x0000000000000000      0x66a drivers/src/spi_driver.o
 .debug_str     0x0000000000000000     0xa7f5 drivers/src/spi_driver.o
 .comment       0x0000000000000000       0x7c drivers/src/spi_driver.o
 .debug_frame   0x0000000000000000      0x16c drivers/src/spi_driver.o
 .ARM.attributes
                0x0000000000000000       0x39 drivers/src/spi_driver.o
 .group         0x0000000000000000        0xc drivers/src/usart_driver.o
 .group         0x0000000000000000        0xc drivers/src/usart_driver.o
 .group         0x0000000000000000        0xc drivers/src/usart_driver.o
 .group         0x0000000000000000        0xc drivers/src/usart_driver.o
 .group         0x0000000000000000        0xc drivers/src/usart_driver.o
 .group         0x0000000000000000        0xc drivers/src/usart_driver.o
 .group         0x0000000000000000        0xc drivers/src/usart_driver.o
 .group         0x0000000000000000        0xc drivers/src/usart_driver.o
 .group         0x0000000000000000        0xc drivers/src/usart_driver.o
 .group         0x0000000000000000        0xc drivers/src/usart_driver.o
 .group         0x0000000000000000        0xc drivers/src/usart_driver.o
 .group         0x0000000000000000        0xc drivers/src/usart_driver.o
 .group         0x0000000000000000        0xc drivers/src/usart_driver.o
 .group         0x0000000000000000        0xc drivers/src/usart_driver.o
 .group         0x0000000000000000        0xc drivers/src/usart_driver.o
 .group         0x0000000000000000        0xc drivers/src/usart_driver.o
 .group         0x0000000000000000        0xc drivers/src/usart_driver.o
 .group         0x0000000000000000        0xc drivers/src/usart_driver.o
 .group         0x0000000000000000        0xc drivers/src/usart_driver.o
 .group         0x0000000000000000        0xc drivers/src/usart_driver.o
 .group         0x0000000000000000        0xc drivers/src/usart_driver.o
 .group         0x0000000000000000        0xc drivers/src/usart_driver.o
 .group         0x0000000000000000        0xc drivers/src/usart_driver.o
 .group         0x0000000000000000        0xc drivers/src/usart_driver.o
 .group         0x0000000000000000        0xc drivers/src/usart_driver.o
 .group         0x0000000000000000        0xc drivers/src/usart_driver.o
 .text          0x0000000000000000        0x0 drivers/src/usart_driver.o
 .data          0x0000000000000000        0x0 drivers/src/usart_driver.o
 .bss           0x0000000000000000        0x0 drivers/src/usart_driver.o
 .text.USART_SetBaudRate
                0x0000000000000000       0xe8 drivers/src/usart_driver.o
 .text.USART_PeriClockControl
                0x0000000000000000      0x11c drivers/src/usart_driver.o
 .text.USART_Init
                0x0000000000000000      0x106 drivers/src/usart_driver.o
 .text.USART_DeInit
                0x0000000000000000       0xb0 drivers/src/usart_driver.o
 .text.USART_SendData
                0x0000000000000000       0x9a drivers/src/usart_driver.o
 .text.USART_ReceiveData
                0x0000000000000000       0xae drivers/src/usart_driver.o
 .text.USART_SendDataIT
                0x0000000000000000       0x5c drivers/src/usart_driver.o
 .text.USART_ReceiveDataIT
                0x0000000000000000       0x4c drivers/src/usart_driver.o
 .text.USART_ClearFlag
                0x0000000000000000       0x26 drivers/src/usart_driver.o
 .text.USART_IRQInterruptConfig
                0x0000000000000000      0x10c drivers/src/usart_driver.o
 .text.USART_IRQPriorityConfig
                0x0000000000000000       0x54 drivers/src/usart_driver.o
 .text.USART_IRQHandling
                0x0000000000000000      0x346 drivers/src/usart_driver.o
 .text.USART_PeripheralControl
                0x0000000000000000       0x38 drivers/src/usart_driver.o
 .text.USART_GetFlagStatus
                0x0000000000000000       0x28 drivers/src/usart_driver.o
 .text.USART_ApplicationEventCallback
                0x0000000000000000       0x18 drivers/src/usart_driver.o
 .debug_info    0x0000000000000000     0x101b drivers/src/usart_driver.o
 .debug_abbrev  0x0000000000000000      0x272 drivers/src/usart_driver.o
 .debug_aranges
                0x0000000000000000       0x90 drivers/src/usart_driver.o
 .debug_ranges  0x0000000000000000       0x80 drivers/src/usart_driver.o
 .debug_macro   0x0000000000000000      0x174 drivers/src/usart_driver.o
 .debug_macro   0x0000000000000000      0xa60 drivers/src/usart_driver.o
 .debug_macro   0x0000000000000000       0x22 drivers/src/usart_driver.o
 .debug_macro   0x0000000000000000       0x8e drivers/src/usart_driver.o
 .debug_macro   0x0000000000000000       0x51 drivers/src/usart_driver.o
 .debug_macro   0x0000000000000000       0xef drivers/src/usart_driver.o
 .debug_macro   0x0000000000000000       0x6a drivers/src/usart_driver.o
 .debug_macro   0x0000000000000000      0x1df drivers/src/usart_driver.o
 .debug_macro   0x0000000000000000       0x46 drivers/src/usart_driver.o
 .debug_macro   0x0000000000000000       0x18 drivers/src/usart_driver.o
 .debug_macro   0x0000000000000000       0x3c drivers/src/usart_driver.o
 .debug_macro   0x0000000000000000       0x34 drivers/src/usart_driver.o
 .debug_macro   0x0000000000000000      0x174 drivers/src/usart_driver.o
 .debug_macro   0x0000000000000000       0x52 drivers/src/usart_driver.o
 .debug_macro   0x0000000000000000       0x1f drivers/src/usart_driver.o
 .debug_macro   0x0000000000000000       0x43 drivers/src/usart_driver.o
 .debug_macro   0x0000000000000000       0x20 drivers/src/usart_driver.o
 .debug_macro   0x0000000000000000      0x1a3 drivers/src/usart_driver.o
 .debug_macro   0x0000000000000000      0x330 drivers/src/usart_driver.o
 .debug_macro   0x0000000000000000       0x10 drivers/src/usart_driver.o
 .debug_macro   0x0000000000000000       0x35 drivers/src/usart_driver.o
 .debug_macro   0x0000000000000000       0x20 drivers/src/usart_driver.o
 .debug_macro   0x0000000000000000      0x97f drivers/src/usart_driver.o
 .debug_macro   0x0000000000000000       0x64 drivers/src/usart_driver.o
 .debug_macro   0x0000000000000000       0xc2 drivers/src/usart_driver.o
 .debug_macro   0x0000000000000000       0xd6 drivers/src/usart_driver.o
 .debug_macro   0x0000000000000000      0x109 drivers/src/usart_driver.o
 .debug_line    0x0000000000000000      0x7fd drivers/src/usart_driver.o
 .debug_str     0x0000000000000000     0xa97e drivers/src/usart_driver.o
 .comment       0x0000000000000000       0x7c drivers/src/usart_driver.o
 .debug_frame   0x0000000000000000      0x258 drivers/src/usart_driver.o
 .ARM.attributes
                0x0000000000000000       0x39 drivers/src/usart_driver.o
 .text          0x0000000000000000        0x0 c:/st/stm32cubeide_1.1.0/stm32cubeide/plugins/com.st.stm32cube.ide.mcu.externaltools.gnu-tools-for-stm32.7-2018-q2-update.win32_1.0.0.201904181610/tools/bin/../lib/gcc/arm-none-eabi/7.3.1/../../../../arm-none-eabi/lib/thumb/v7e-m/fpv4-sp/hard\libc_nano.a(lib_a-errno.o)
 .data          0x0000000000000000        0x0 c:/st/stm32cubeide_1.1.0/stm32cubeide/plugins/com.st.stm32cube.ide.mcu.externaltools.gnu-tools-for-stm32.7-2018-q2-update.win32_1.0.0.201904181610/tools/bin/../lib/gcc/arm-none-eabi/7.3.1/../../../../arm-none-eabi/lib/thumb/v7e-m/fpv4-sp/hard\libc_nano.a(lib_a-errno.o)
 .bss           0x0000000000000000        0x0 c:/st/stm32cubeide_1.1.0/stm32cubeide/plugins/com.st.stm32cube.ide.mcu.externaltools.gnu-tools-for-stm32.7-2018-q2-update.win32_1.0.0.201904181610/tools/bin/../lib/gcc/arm-none-eabi/7.3.1/../../../../arm-none-eabi/lib/thumb/v7e-m/fpv4-sp/hard\libc_nano.a(lib_a-errno.o)
 .text.__errno  0x0000000000000000        0xc c:/st/stm32cubeide_1.1.0/stm32cubeide/plugins/com.st.stm32cube.ide.mcu.externaltools.gnu-tools-for-stm32.7-2018-q2-update.win32_1.0.0.201904181610/tools/bin/../lib/gcc/arm-none-eabi/7.3.1/../../../../arm-none-eabi/lib/thumb/v7e-m/fpv4-sp/hard\libc_nano.a(lib_a-errno.o)
 .debug_frame   0x0000000000000000       0x20 c:/st/stm32cubeide_1.1.0/stm32cubeide/plugins/com.st.stm32cube.ide.mcu.externaltools.gnu-tools-for-stm32.7-2018-q2-update.win32_1.0.0.201904181610/tools/bin/../lib/gcc/arm-none-eabi/7.3.1/../../../../arm-none-eabi/lib/thumb/v7e-m/fpv4-sp/hard\libc_nano.a(lib_a-errno.o)
 .ARM.attributes
                0x0000000000000000       0x34 c:/st/stm32cubeide_1.1.0/stm32cubeide/plugins/com.st.stm32cube.ide.mcu.externaltools.gnu-tools-for-stm32.7-2018-q2-update.win32_1.0.0.201904181610/tools/bin/../lib/gcc/arm-none-eabi/7.3.1/../../../../arm-none-eabi/lib/thumb/v7e-m/fpv4-sp/hard\libc_nano.a(lib_a-errno.o)
 .text          0x0000000000000000        0x0 c:/st/stm32cubeide_1.1.0/stm32cubeide/plugins/com.st.stm32cube.ide.mcu.externaltools.gnu-tools-for-stm32.7-2018-q2-update.win32_1.0.0.201904181610/tools/bin/../lib/gcc/arm-none-eabi/7.3.1/../../../../arm-none-eabi/lib/thumb/v7e-m/fpv4-sp/hard\libc_nano.a(lib_a-exit.o)
 .data          0x0000000000000000        0x0 c:/st/stm32cubeide_1.1.0/stm32cubeide/plugins/com.st.stm32cube.ide.mcu.externaltools.gnu-tools-for-stm32.7-2018-q2-update.win32_1.0.0.201904181610/tools/bin/../lib/gcc/arm-none-eabi/7.3.1/../../../../arm-none-eabi/lib/thumb/v7e-m/fpv4-sp/hard\libc_nano.a(lib_a-exit.o)
 .bss           0x0000000000000000        0x0 c:/st/stm32cubeide_1.1.0/stm32cubeide/plugins/com.st.stm32cube.ide.mcu.externaltools.gnu-tools-for-stm32.7-2018-q2-update.win32_1.0.0.201904181610/tools/bin/../lib/gcc/arm-none-eabi/7.3.1/../../../../arm-none-eabi/lib/thumb/v7e-m/fpv4-sp/hard\libc_nano.a(lib_a-exit.o)
 .text.exit     0x0000000000000000       0x28 c:/st/stm32cubeide_1.1.0/stm32cubeide/plugins/com.st.stm32cube.ide.mcu.externaltools.gnu-tools-for-stm32.7-2018-q2-update.win32_1.0.0.201904181610/tools/bin/../lib/gcc/arm-none-eabi/7.3.1/../../../../arm-none-eabi/lib/thumb/v7e-m/fpv4-sp/hard\libc_nano.a(lib_a-exit.o)
 .debug_frame   0x0000000000000000       0x28 c:/st/stm32cubeide_1.1.0/stm32cubeide/plugins/com.st.stm32cube.ide.mcu.externaltools.gnu-tools-for-stm32.7-2018-q2-update.win32_1.0.0.201904181610/tools/bin/../lib/gcc/arm-none-eabi/7.3.1/../../../../arm-none-eabi/lib/thumb/v7e-m/fpv4-sp/hard\libc_nano.a(lib_a-exit.o)
 .ARM.attributes
                0x0000000000000000       0x34 c:/st/stm32cubeide_1.1.0/stm32cubeide/plugins/com.st.stm32cube.ide.mcu.externaltools.gnu-tools-for-stm32.7-2018-q2-update.win32_1.0.0.201904181610/tools/bin/../lib/gcc/arm-none-eabi/7.3.1/../../../../arm-none-eabi/lib/thumb/v7e-m/fpv4-sp/hard\libc_nano.a(lib_a-exit.o)
 .text          0x0000000000000000        0x0 c:/st/stm32cubeide_1.1.0/stm32cubeide/plugins/com.st.stm32cube.ide.mcu.externaltools.gnu-tools-for-stm32.7-2018-q2-update.win32_1.0.0.201904181610/tools/bin/../lib/gcc/arm-none-eabi/7.3.1/../../../../arm-none-eabi/lib/thumb/v7e-m/fpv4-sp/hard\libc_nano.a(lib_a-impure.o)
 .data          0x0000000000000000        0x0 c:/st/stm32cubeide_1.1.0/stm32cubeide/plugins/com.st.stm32cube.ide.mcu.externaltools.gnu-tools-for-stm32.7-2018-q2-update.win32_1.0.0.201904181610/tools/bin/../lib/gcc/arm-none-eabi/7.3.1/../../../../arm-none-eabi/lib/thumb/v7e-m/fpv4-sp/hard\libc_nano.a(lib_a-impure.o)
 .bss           0x0000000000000000        0x0 c:/st/stm32cubeide_1.1.0/stm32cubeide/plugins/com.st.stm32cube.ide.mcu.externaltools.gnu-tools-for-stm32.7-2018-q2-update.win32_1.0.0.201904181610/tools/bin/../lib/gcc/arm-none-eabi/7.3.1/../../../../arm-none-eabi/lib/thumb/v7e-m/fpv4-sp/hard\libc_nano.a(lib_a-impure.o)
 .data._impure_ptr
                0x0000000000000000        0x4 c:/st/stm32cubeide_1.1.0/stm32cubeide/plugins/com.st.stm32cube.ide.mcu.externaltools.gnu-tools-for-stm32.7-2018-q2-update.win32_1.0.0.201904181610/tools/bin/../lib/gcc/arm-none-eabi/7.3.1/../../../../arm-none-eabi/lib/thumb/v7e-m/fpv4-sp/hard\libc_nano.a(lib_a-impure.o)
 .data.impure_data
                0x0000000000000000       0x60 c:/st/stm32cubeide_1.1.0/stm32cubeide/plugins/com.st.stm32cube.ide.mcu.externaltools.gnu-tools-for-stm32.7-2018-q2-update.win32_1.0.0.201904181610/tools/bin/../lib/gcc/arm-none-eabi/7.3.1/../../../../arm-none-eabi/lib/thumb/v7e-m/fpv4-sp/hard\libc_nano.a(lib_a-impure.o)
 .rodata._global_impure_ptr
                0x0000000000000000        0x4 c:/st/stm32cubeide_1.1.0/stm32cubeide/plugins/com.st.stm32cube.ide.mcu.externaltools.gnu-tools-for-stm32.7-2018-q2-update.win32_1.0.0.201904181610/tools/bin/../lib/gcc/arm-none-eabi/7.3.1/../../../../arm-none-eabi/lib/thumb/v7e-m/fpv4-sp/hard\libc_nano.a(lib_a-impure.o)
 .ARM.attributes
                0x0000000000000000       0x34 c:/st/stm32cubeide_1.1.0/stm32cubeide/plugins/com.st.stm32cube.ide.mcu.externaltools.gnu-tools-for-stm32.7-2018-q2-update.win32_1.0.0.201904181610/tools/bin/../lib/gcc/arm-none-eabi/7.3.1/../../../../arm-none-eabi/lib/thumb/v7e-m/fpv4-sp/hard\libc_nano.a(lib_a-impure.o)
 .text          0x0000000000000000        0x0 c:/st/stm32cubeide_1.1.0/stm32cubeide/plugins/com.st.stm32cube.ide.mcu.externaltools.gnu-tools-for-stm32.7-2018-q2-update.win32_1.0.0.201904181610/tools/bin/../lib/gcc/arm-none-eabi/7.3.1/../../../../arm-none-eabi/lib/thumb/v7e-m/fpv4-sp/hard\libc_nano.a(lib_a-init.o)
 .data          0x0000000000000000        0x0 c:/st/stm32cubeide_1.1.0/stm32cubeide/plugins/com.st.stm32cube.ide.mcu.externaltools.gnu-tools-for-stm32.7-2018-q2-update.win32_1.0.0.201904181610/tools/bin/../lib/gcc/arm-none-eabi/7.3.1/../../../../arm-none-eabi/lib/thumb/v7e-m/fpv4-sp/hard\libc_nano.a(lib_a-init.o)
 .bss           0x0000000000000000        0x0 c:/st/stm32cubeide_1.1.0/stm32cubeide/plugins/com.st.stm32cube.ide.mcu.externaltools.gnu-tools-for-stm32.7-2018-q2-update.win32_1.0.0.201904181610/tools/bin/../lib/gcc/arm-none-eabi/7.3.1/../../../../arm-none-eabi/lib/thumb/v7e-m/fpv4-sp/hard\libc_nano.a(lib_a-init.o)
 .text          0x0000000000000000        0x0 c:/st/stm32cubeide_1.1.0/stm32cubeide/plugins/com.st.stm32cube.ide.mcu.externaltools.gnu-tools-for-stm32.7-2018-q2-update.win32_1.0.0.201904181610/tools/bin/../lib/gcc/arm-none-eabi/7.3.1/../../../../arm-none-eabi/lib/thumb/v7e-m/fpv4-sp/hard\libc_nano.a(lib_a-memset.o)
 .data          0x0000000000000000        0x0 c:/st/stm32cubeide_1.1.0/stm32cubeide/plugins/com.st.stm32cube.ide.mcu.externaltools.gnu-tools-for-stm32.7-2018-q2-update.win32_1.0.0.201904181610/tools/bin/../lib/gcc/arm-none-eabi/7.3.1/../../../../arm-none-eabi/lib/thumb/v7e-m/fpv4-sp/hard\libc_nano.a(lib_a-memset.o)
 .bss           0x0000000000000000        0x0 c:/st/stm32cubeide_1.1.0/stm32cubeide/plugins/com.st.stm32cube.ide.mcu.externaltools.gnu-tools-for-stm32.7-2018-q2-update.win32_1.0.0.201904181610/tools/bin/../lib/gcc/arm-none-eabi/7.3.1/../../../../arm-none-eabi/lib/thumb/v7e-m/fpv4-sp/hard\libc_nano.a(lib_a-memset.o)
 .text.memset   0x0000000000000000       0x10 c:/st/stm32cubeide_1.1.0/stm32cubeide/plugins/com.st.stm32cube.ide.mcu.externaltools.gnu-tools-for-stm32.7-2018-q2-update.win32_1.0.0.201904181610/tools/bin/../lib/gcc/arm-none-eabi/7.3.1/../../../../arm-none-eabi/lib/thumb/v7e-m/fpv4-sp/hard\libc_nano.a(lib_a-memset.o)
 .debug_frame   0x0000000000000000       0x20 c:/st/stm32cubeide_1.1.0/stm32cubeide/plugins/com.st.stm32cube.ide.mcu.externaltools.gnu-tools-for-stm32.7-2018-q2-update.win32_1.0.0.201904181610/tools/bin/../lib/gcc/arm-none-eabi/7.3.1/../../../../arm-none-eabi/lib/thumb/v7e-m/fpv4-sp/hard\libc_nano.a(lib_a-memset.o)
 .ARM.attributes
                0x0000000000000000       0x34 c:/st/stm32cubeide_1.1.0/stm32cubeide/plugins/com.st.stm32cube.ide.mcu.externaltools.gnu-tools-for-stm32.7-2018-q2-update.win32_1.0.0.201904181610/tools/bin/../lib/gcc/arm-none-eabi/7.3.1/../../../../arm-none-eabi/lib/thumb/v7e-m/fpv4-sp/hard\libc_nano.a(lib_a-memset.o)
 .data          0x0000000000000000        0x0 c:/st/stm32cubeide_1.1.0/stm32cubeide/plugins/com.st.stm32cube.ide.mcu.externaltools.gnu-tools-for-stm32.7-2018-q2-update.win32_1.0.0.201904181610/tools/bin/../lib/gcc/arm-none-eabi/7.3.1/../../../../arm-none-eabi/lib/thumb/v7e-m/fpv4-sp/hard\libc_nano.a(lib_a-strlen.o)
 .bss           0x0000000000000000        0x0 c:/st/stm32cubeide_1.1.0/stm32cubeide/plugins/com.st.stm32cube.ide.mcu.externaltools.gnu-tools-for-stm32.7-2018-q2-update.win32_1.0.0.201904181610/tools/bin/../lib/gcc/arm-none-eabi/7.3.1/../../../../arm-none-eabi/lib/thumb/v7e-m/fpv4-sp/hard\libc_nano.a(lib_a-strlen.o)
 .text          0x0000000000000000        0x0 c:/st/stm32cubeide_1.1.0/stm32cubeide/plugins/com.st.stm32cube.ide.mcu.externaltools.gnu-tools-for-stm32.7-2018-q2-update.win32_1.0.0.201904181610/tools/bin/../lib/gcc/arm-none-eabi/7.3.1/thumb/v7e-m/fpv4-sp/hard/crtend.o
 .data          0x0000000000000000        0x0 c:/st/stm32cubeide_1.1.0/stm32cubeide/plugins/com.st.stm32cube.ide.mcu.externaltools.gnu-tools-for-stm32.7-2018-q2-update.win32_1.0.0.201904181610/tools/bin/../lib/gcc/arm-none-eabi/7.3.1/thumb/v7e-m/fpv4-sp/hard/crtend.o
 .bss           0x0000000000000000        0x0 c:/st/stm32cubeide_1.1.0/stm32cubeide/plugins/com.st.stm32cube.ide.mcu.externaltools.gnu-tools-for-stm32.7-2018-q2-update.win32_1.0.0.201904181610/tools/bin/../lib/gcc/arm-none-eabi/7.3.1/thumb/v7e-m/fpv4-sp/hard/crtend.o
 .eh_frame      0x0000000000000000        0x4 c:/st/stm32cubeide_1.1.0/stm32cubeide/plugins/com.st.stm32cube.ide.mcu.externaltools.gnu-tools-for-stm32.7-2018-q2-update.win32_1.0.0.201904181610/tools/bin/../lib/gcc/arm-none-eabi/7.3.1/thumb/v7e-m/fpv4-sp/hard/crtend.o
 .ARM.attributes
                0x0000000000000000       0x34 c:/st/stm32cubeide_1.1.0/stm32cubeide/plugins/com.st.stm32cube.ide.mcu.externaltools.gnu-tools-for-stm32.7-2018-q2-update.win32_1.0.0.201904181610/tools/bin/../lib/gcc/arm-none-eabi/7.3.1/thumb/v7e-m/fpv4-sp/hard/crtend.o
 .text          0x0000000000000000        0x0 c:/st/stm32cubeide_1.1.0/stm32cubeide/plugins/com.st.stm32cube.ide.mcu.externaltools.gnu-tools-for-stm32.7-2018-q2-update.win32_1.0.0.201904181610/tools/bin/../lib/gcc/arm-none-eabi/7.3.1/thumb/v7e-m/fpv4-sp/hard/crtn.o
 .data          0x0000000000000000        0x0 c:/st/stm32cubeide_1.1.0/stm32cubeide/plugins/com.st.stm32cube.ide.mcu.externaltools.gnu-tools-for-stm32.7-2018-q2-update.win32_1.0.0.201904181610/tools/bin/../lib/gcc/arm-none-eabi/7.3.1/thumb/v7e-m/fpv4-sp/hard/crtn.o
 .bss           0x0000000000000000        0x0 c:/st/stm32cubeide_1.1.0/stm32cubeide/plugins/com.st.stm32cube.ide.mcu.externaltools.gnu-tools-for-stm32.7-2018-q2-update.win32_1.0.0.201904181610/tools/bin/../lib/gcc/arm-none-eabi/7.3.1/thumb/v7e-m/fpv4-sp/hard/crtn.o

Memory Configuration

Name             Origin             Length             Attributes
RAM              0x0000000020000000 0x0000000000020000 xrw
ROM              0x0000000008000000 0x0000000000100000 xr
*default*        0x0000000000000000 0xffffffffffffffff

Linker script and memory map

LOAD c:/st/stm32cubeide_1.1.0/stm32cubeide/plugins/com.st.stm32cube.ide.mcu.externaltools.gnu-tools-for-stm32.7-2018-q2-update.win32_1.0.0.201904181610/tools/bin/../lib/gcc/arm-none-eabi/7.3.1/thumb/v7e-m/fpv4-sp/hard/crti.o
LOAD c:/st/stm32cubeide_1.1.0/stm32cubeide/plugins/com.st.stm32cube.ide.mcu.externaltools.gnu-tools-for-stm32.7-2018-q2-update.win32_1.0.0.201904181610/tools/bin/../lib/gcc/arm-none-eabi/7.3.1/thumb/v7e-m/fpv4-sp/hard/crtbegin.o
LOAD c:/st/stm32cubeide_1.1.0/stm32cubeide/plugins/com.st.stm32cube.ide.mcu.externaltools.gnu-tools-for-stm32.7-2018-q2-update.win32_1.0.0.201904181610/tools/bin/../lib/gcc/arm-none-eabi/7.3.1/../../../../arm-none-eabi/lib/thumb/v7e-m/fpv4-sp/hard/crt0.o
LOAD Src/007i2c_master_tx_testing.o
LOAD Src/syscalls.o
LOAD Src/sysmem.o
LOAD Startup/startup_stm32f407vgtx.o
LOAD drivers/src/gpio_driver.o
LOAD drivers/src/i2c_driver.o
LOAD drivers/src/spi_driver.o
LOAD drivers/src/usart_driver.o
START GROUP
LOAD c:/st/stm32cubeide_1.1.0/stm32cubeide/plugins/com.st.stm32cube.ide.mcu.externaltools.gnu-tools-for-stm32.7-2018-q2-update.win32_1.0.0.201904181610/tools/bin/../lib/gcc/arm-none-eabi/7.3.1/../../../../arm-none-eabi/lib/thumb/v7e-m/fpv4-sp/hard\libc_nano.a
LOAD c:/st/stm32cubeide_1.1.0/stm32cubeide/plugins/com.st.stm32cube.ide.mcu.externaltools.gnu-tools-for-stm32.7-2018-q2-update.win32_1.0.0.201904181610/tools/bin/../lib/gcc/arm-none-eabi/7.3.1/../../../../arm-none-eabi/lib/thumb/v7e-m/fpv4-sp/hard\libm.a
END GROUP
START GROUP
LOAD c:/st/stm32cubeide_1.1.0/stm32cubeide/plugins/com.st.stm32cube.ide.mcu.externaltools.gnu-tools-for-stm32.7-2018-q2-update.win32_1.0.0.201904181610/tools/bin/../lib/gcc/arm-none-eabi/7.3.1/thumb/v7e-m/fpv4-sp/hard\libgcc.a
LOAD c:/st/stm32cubeide_1.1.0/stm32cubeide/plugins/com.st.stm32cube.ide.mcu.externaltools.gnu-tools-for-stm32.7-2018-q2-update.win32_1.0.0.201904181610/tools/bin/../lib/gcc/arm-none-eabi/7.3.1/../../../../arm-none-eabi/lib/thumb/v7e-m/fpv4-sp/hard\libc_nano.a
END GROUP
START GROUP
LOAD c:/st/stm32cubeide_1.1.0/stm32cubeide/plugins/com.st.stm32cube.ide.mcu.externaltools.gnu-tools-for-stm32.7-2018-q2-update.win32_1.0.0.201904181610/tools/bin/../lib/gcc/arm-none-eabi/7.3.1/thumb/v7e-m/fpv4-sp/hard\libgcc.a
LOAD c:/st/stm32cubeide_1.1.0/stm32cubeide/plugins/com.st.stm32cube.ide.mcu.externaltools.gnu-tools-for-stm32.7-2018-q2-update.win32_1.0.0.201904181610/tools/bin/../lib/gcc/arm-none-eabi/7.3.1/../../../../arm-none-eabi/lib/thumb/v7e-m/fpv4-sp/hard\libc_nano.a
LOAD c:/st/stm32cubeide_1.1.0/stm32cubeide/plugins/com.st.stm32cube.ide.mcu.externaltools.gnu-tools-for-stm32.7-2018-q2-update.win32_1.0.0.201904181610/tools/bin/../lib/gcc/arm-none-eabi/7.3.1/../../../../arm-none-eabi/lib/thumb/v7e-m/fpv4-sp/hard\libnosys.a
END GROUP
START GROUP
LOAD c:/st/stm32cubeide_1.1.0/stm32cubeide/plugins/com.st.stm32cube.ide.mcu.externaltools.gnu-tools-for-stm32.7-2018-q2-update.win32_1.0.0.201904181610/tools/bin/../lib/gcc/arm-none-eabi/7.3.1/thumb/v7e-m/fpv4-sp/hard\libgcc.a
LOAD c:/st/stm32cubeide_1.1.0/stm32cubeide/plugins/com.st.stm32cube.ide.mcu.externaltools.gnu-tools-for-stm32.7-2018-q2-update.win32_1.0.0.201904181610/tools/bin/../lib/gcc/arm-none-eabi/7.3.1/../../../../arm-none-eabi/lib/thumb/v7e-m/fpv4-sp/hard\libc_nano.a
LOAD c:/st/stm32cubeide_1.1.0/stm32cubeide/plugins/com.st.stm32cube.ide.mcu.externaltools.gnu-tools-for-stm32.7-2018-q2-update.win32_1.0.0.201904181610/tools/bin/../lib/gcc/arm-none-eabi/7.3.1/../../../../arm-none-eabi/lib/thumb/v7e-m/fpv4-sp/hard\libnosys.a
END GROUP
LOAD c:/st/stm32cubeide_1.1.0/stm32cubeide/plugins/com.st.stm32cube.ide.mcu.externaltools.gnu-tools-for-stm32.7-2018-q2-update.win32_1.0.0.201904181610/tools/bin/../lib/gcc/arm-none-eabi/7.3.1/thumb/v7e-m/fpv4-sp/hard/crtend.o
LOAD c:/st/stm32cubeide_1.1.0/stm32cubeide/plugins/com.st.stm32cube.ide.mcu.externaltools.gnu-tools-for-stm32.7-2018-q2-update.win32_1.0.0.201904181610/tools/bin/../lib/gcc/arm-none-eabi/7.3.1/thumb/v7e-m/fpv4-sp/hard/crtn.o
                0x0000000020020000                _estack = (ORIGIN (RAM) + LENGTH (RAM))
                0x0000000000000200                _Min_Heap_Size = 0x200
                0x0000000000000400                _Min_Stack_Size = 0x400

.isr_vector     0x0000000008000000      0x1a8
                0x0000000008000000                . = ALIGN (0x4)
 *(.isr_vector)
 .isr_vector    0x0000000008000000      0x1a8 Startup/startup_stm32f407vgtx.o
                0x0000000008000000                g_pfnVectors
                0x00000000080001a8                . = ALIGN (0x4)

.text           0x00000000080001a8      0xd14
                0x00000000080001a8                . = ALIGN (0x4)
 *(.text)
 .text          0x00000000080001a8       0x40 c:/st/stm32cubeide_1.1.0/stm32cubeide/plugins/com.st.stm32cube.ide.mcu.externaltools.gnu-tools-for-stm32.7-2018-q2-update.win32_1.0.0.201904181610/tools/bin/../lib/gcc/arm-none-eabi/7.3.1/thumb/v7e-m/fpv4-sp/hard/crtbegin.o
 .text          0x00000000080001e8       0x10 c:/st/stm32cubeide_1.1.0/stm32cubeide/plugins/com.st.stm32cube.ide.mcu.externaltools.gnu-tools-for-stm32.7-2018-q2-update.win32_1.0.0.201904181610/tools/bin/../lib/gcc/arm-none-eabi/7.3.1/../../../../arm-none-eabi/lib/thumb/v7e-m/fpv4-sp/hard\libc_nano.a(lib_a-strlen.o)
                0x00000000080001e8                strlen
 *(.text*)
 .text.I2C1_GPIOInits
                0x00000000080001f8       0x44 Src/007i2c_master_tx_testing.o
                0x00000000080001f8                I2C1_GPIOInits
 .text.I2C1_Inits
                0x000000000800023c       0x38 Src/007i2c_master_tx_testing.o
                0x000000000800023c                I2C1_Inits
 .text.GPIO_btnInit
                0x0000000008000274       0x40 Src/007i2c_master_tx_testing.o
                0x0000000008000274                GPIO_btnInit
 .text.delay    0x00000000080002b4       0x2c Src/007i2c_master_tx_testing.o
                0x00000000080002b4                delay
 .text.main     0x00000000080002e0       0x58 Src/007i2c_master_tx_testing.o
                0x00000000080002e0                main
 .text.Reset_Handler
                0x0000000008000338       0x50 Startup/startup_stm32f407vgtx.o
                0x0000000008000338                Reset_Handler
 .text.Default_Handler
                0x0000000008000388        0x2 Startup/startup_stm32f407vgtx.o
                0x0000000008000388                RTC_Alarm_IRQHandler
                0x0000000008000388                HASH_RNG_IRQHandler
                0x0000000008000388                EXTI2_IRQHandler
                0x0000000008000388                TIM8_CC_IRQHandler
                0x0000000008000388                DebugMon_Handler
                0x0000000008000388                TIM1_CC_IRQHandler
                0x0000000008000388                DMA2_Stream5_IRQHandler
                0x0000000008000388                HardFault_Handler
                0x0000000008000388                DMA1_Stream5_IRQHandler
                0x0000000008000388                SysTick_Handler
                0x0000000008000388                PVD_IRQHandler
                0x0000000008000388                SDIO_IRQHandler
                0x0000000008000388                TAMP_STAMP_IRQHandler
                0x0000000008000388                PendSV_Handler
                0x0000000008000388                NMI_Handler
                0x0000000008000388                CAN2_RX1_IRQHandler
                0x0000000008000388                EXTI3_IRQHandler
                0x0000000008000388                TIM8_TRG_COM_TIM14_IRQHandler
                0x0000000008000388                TIM1_UP_TIM10_IRQHandler
                0x0000000008000388                TIM8_UP_TIM13_IRQHandler
                0x0000000008000388                I2C3_ER_IRQHandler
                0x0000000008000388                LCD_TFT_IRQHandler
                0x0000000008000388                EXTI0_IRQHandler
                0x0000000008000388                I2C2_EV_IRQHandler
                0x0000000008000388                DMA1_Stream2_IRQHandler
                0x0000000008000388                CAN1_RX0_IRQHandler
                0x0000000008000388                FPU_IRQHandler
                0x0000000008000388                OTG_HS_WKUP_IRQHandler
                0x0000000008000388                UsageFault_Handler
                0x0000000008000388                CAN2_SCE_IRQHandler
                0x0000000008000388                DMA2_Stream2_IRQHandler
                0x0000000008000388                SPI1_IRQHandler
                0x0000000008000388                TIM6_DAC_IRQHandler
                0x0000000008000388                TIM1_BRK_TIM9_IRQHandler
                0x0000000008000388                DCMI_IRQHandler
                0x0000000008000388                CAN2_RX0_IRQHandler
                0x0000000008000388                DMA2_Stream3_IRQHandler
                0x0000000008000388                USART6_IRQHandler
                0x0000000008000388                USART3_IRQHandler
                0x0000000008000388                CRYP_IRQHandler
                0x0000000008000388                CAN1_RX1_IRQHandler
                0x0000000008000388                UART5_IRQHandler
                0x0000000008000388                DMA2_Stream0_IRQHandler
                0x0000000008000388                TIM4_IRQHandler
                0x0000000008000388                I2C1_EV_IRQHandler
                0x0000000008000388                DMA1_Stream6_IRQHandler
                0x0000000008000388                DMA1_Stream1_IRQHandler
                0x0000000008000388                UART4_IRQHandler
                0x0000000008000388                LCD_TFT_1_IRQHandler
                0x0000000008000388                TIM3_IRQHandler
                0x0000000008000388                RCC_IRQHandler
                0x0000000008000388                TIM8_BRK_TIM12_IRQHandler
                0x0000000008000388                Default_Handler
                0x0000000008000388                EXTI15_10_IRQHandler
                0x0000000008000388                ADC_IRQHandler
                0x0000000008000388                DMA1_Stream7_IRQHandler
                0x0000000008000388                TIM7_IRQHandler
                0x0000000008000388                CAN2_TX_IRQHandler
                0x0000000008000388                TIM5_IRQHandler
                0x0000000008000388                DMA2_Stream7_IRQHandler
                0x0000000008000388                I2C3_EV_IRQHandler
                0x0000000008000388                EXTI9_5_IRQHandler
                0x0000000008000388                RTC_WKUP_IRQHandler
                0x0000000008000388                ETH_WKUP_IRQHandler
                0x0000000008000388                SPI2_IRQHandler
                0x0000000008000388                OTG_HS_EP1_IN_IRQHandler
                0x0000000008000388                MemManage_Handler
                0x0000000008000388                DMA1_Stream0_IRQHandler
                0x0000000008000388                CAN1_TX_IRQHandler
                0x0000000008000388                SVC_Handler
                0x0000000008000388                EXTI4_IRQHandler
                0x0000000008000388                FSMC_IRQHandler
                0x0000000008000388                ETH_IRQHandler
                0x0000000008000388                OTG_HS_EP1_OUT_IRQHandler
                0x0000000008000388                WWDG_IRQHandler
                0x0000000008000388                TIM2_IRQHandler
                0x0000000008000388                OTG_FS_WKUP_IRQHandler
                0x0000000008000388                TIM1_TRG_COM_TIM11_IRQHandler
                0x0000000008000388                OTG_HS_IRQHandler
                0x0000000008000388                EXTI1_IRQHandler
                0x0000000008000388                USART2_IRQHandler
                0x0000000008000388                I2C2_ER_IRQHandler
                0x0000000008000388                DMA2_Stream1_IRQHandler
                0x0000000008000388                CAN1_SCE_IRQHandler
                0x0000000008000388                DMA2_Stream4_IRQHandler
                0x0000000008000388                BusFault_Handler
                0x0000000008000388                USART1_IRQHandler
                0x0000000008000388                OTG_FS_IRQHandler
                0x0000000008000388                SPI3_IRQHandler
                0x0000000008000388                DMA1_Stream4_IRQHandler
                0x0000000008000388                I2C1_ER_IRQHandler
                0x0000000008000388                DMA2_Stream6_IRQHandler
                0x0000000008000388                DMA1_Stream3_IRQHandler
 *fill*         0x000000000800038a        0x2 
 .text.GPIO_Init
                0x000000000800038c      0x374 drivers/src/gpio_driver.o
                0x000000000800038c                GPIO_Init
 .text.GPIO_PclkControl
                0x0000000008000700      0x1d4 drivers/src/gpio_driver.o
                0x0000000008000700                GPIO_PclkControl
 .text.GPIO_ReadPin
                0x00000000080008d4       0x30 drivers/src/gpio_driver.o
                0x00000000080008d4                GPIO_ReadPin
 .text.GPIO_input
                0x0000000008000904       0x40 drivers/src/gpio_driver.o
                0x0000000008000904                GPIO_input
 .text.I2C_GenerateStartCondition
                0x0000000008000944       0x20 drivers/src/i2c_driver.o
 .text.I2C_ExecuteAddressPhaseWrite
                0x0000000008000964       0x2c drivers/src/i2c_driver.o
 .text.I2C_ClearADDRFlag
                0x0000000008000990       0x70 drivers/src/i2c_driver.o
 .text.I2C_GenerateStopCondition
                0x0000000008000a00       0x20 drivers/src/i2c_driver.o
                0x0000000008000a00                I2C_GenerateStopCondition
 .text.I2C_PeripheralControl
                0x0000000008000a20       0x38 drivers/src/i2c_driver.o
                0x0000000008000a20                I2C_PeripheralControl
 .text.I2C_PeriClockControl
                0x0000000008000a58       0xb8 drivers/src/i2c_driver.o
                0x0000000008000a58                I2C_PeriClockControl
 .text.Get_PLLOutputClock
                0x0000000008000b10       0x14 drivers/src/i2c_driver.o
                0x0000000008000b10                Get_PLLOutputClock
 .text.RCC_GetPCLK1Value
                0x0000000008000b24       0xb0 drivers/src/i2c_driver.o
                0x0000000008000b24                RCC_GetPCLK1Value
 .text.I2C_Init
                0x0000000008000bd4      0x160 drivers/src/i2c_driver.o
                0x0000000008000bd4                I2C_Init
 .text.I2C_GetFlagStatus
                0x0000000008000d34       0x28 drivers/src/i2c_driver.o
                0x0000000008000d34                I2C_GetFlagStatus
 .text.I2C_MasterSendData
                0x0000000008000d5c       0xc6 drivers/src/i2c_driver.o
                0x0000000008000d5c                I2C_MasterSendData
 .text.I2C_ManageAcking
                0x0000000008000e22       0x38 drivers/src/i2c_driver.o
                0x0000000008000e22                I2C_ManageAcking
 *fill*         0x0000000008000e5a        0x2 
 .text.__libc_init_array
                0x0000000008000e5c       0x48 c:/st/stm32cubeide_1.1.0/stm32cubeide/plugins/com.st.stm32cube.ide.mcu.externaltools.gnu-tools-for-stm32.7-2018-q2-update.win32_1.0.0.201904181610/tools/bin/../lib/gcc/arm-none-eabi/7.3.1/../../../../arm-none-eabi/lib/thumb/v7e-m/fpv4-sp/hard\libc_nano.a(lib_a-init.o)
                0x0000000008000e5c                __libc_init_array
 *(.glue_7)
 .glue_7        0x0000000008000ea4        0x0 linker stubs
 *(.glue_7t)
 .glue_7t       0x0000000008000ea4        0x0 linker stubs
 *(.eh_frame)
 .eh_frame      0x0000000008000ea4        0x0 c:/st/stm32cubeide_1.1.0/stm32cubeide/plugins/com.st.stm32cube.ide.mcu.externaltools.gnu-tools-for-stm32.7-2018-q2-update.win32_1.0.0.201904181610/tools/bin/../lib/gcc/arm-none-eabi/7.3.1/thumb/v7e-m/fpv4-sp/hard/crtbegin.o
 *(.init)
 .init          0x0000000008000ea4        0x4 c:/st/stm32cubeide_1.1.0/stm32cubeide/plugins/com.st.stm32cube.ide.mcu.externaltools.gnu-tools-for-stm32.7-2018-q2-update.win32_1.0.0.201904181610/tools/bin/../lib/gcc/arm-none-eabi/7.3.1/thumb/v7e-m/fpv4-sp/hard/crti.o
                0x0000000008000ea4                _init
 .init          0x0000000008000ea8        0x8 c:/st/stm32cubeide_1.1.0/stm32cubeide/plugins/com.st.stm32cube.ide.mcu.externaltools.gnu-tools-for-stm32.7-2018-q2-update.win32_1.0.0.201904181610/tools/bin/../lib/gcc/arm-none-eabi/7.3.1/thumb/v7e-m/fpv4-sp/hard/crtn.o
 *(.fini)
 .fini          0x0000000008000eb0        0x4 c:/st/stm32cubeide_1.1.0/stm32cubeide/plugins/com.st.stm32cube.ide.mcu.externaltools.gnu-tools-for-stm32.7-2018-q2-update.win32_1.0.0.201904181610/tools/bin/../lib/gcc/arm-none-eabi/7.3.1/thumb/v7e-m/fpv4-sp/hard/crti.o
                0x0000000008000eb0                _fini
 .fini          0x0000000008000eb4        0x8 c:/st/stm32cubeide_1.1.0/stm32cubeide/plugins/com.st.stm32cube.ide.mcu.externaltools.gnu-tools-for-stm32.7-2018-q2-update.win32_1.0.0.201904181610/tools/bin/../lib/gcc/arm-none-eabi/7.3.1/thumb/v7e-m/fpv4-sp/hard/crtn.o
                0x0000000008000ebc                . = ALIGN (0x4)
                0x0000000008000ebc                _etext = .

.vfp11_veneer   0x0000000008000ebc        0x0
 .vfp11_veneer  0x0000000008000ebc        0x0 linker stubs

.v4_bx          0x0000000008000ebc        0x0
 .v4_bx         0x0000000008000ebc        0x0 linker stubs

.iplt           0x0000000008000ebc        0x0
 .iplt          0x0000000008000ebc        0x0 c:/st/stm32cubeide_1.1.0/stm32cubeide/plugins/com.st.stm32cube.ide.mcu.externaltools.gnu-tools-for-stm32.7-2018-q2-update.win32_1.0.0.201904181610/tools/bin/../lib/gcc/arm-none-eabi/7.3.1/thumb/v7e-m/fpv4-sp/hard/crtbegin.o

.rel.dyn        0x0000000008000ebc        0x0
 .rel.iplt      0x0000000008000ebc        0x0 c:/st/stm32cubeide_1.1.0/stm32cubeide/plugins/com.st.stm32cube.ide.mcu.externaltools.gnu-tools-for-stm32.7-2018-q2-update.win32_1.0.0.201904181610/tools/bin/../lib/gcc/arm-none-eabi/7.3.1/thumb/v7e-m/fpv4-sp/hard/crtbegin.o

.rodata         0x0000000008000ebc        0x0
                0x0000000008000ebc                . = ALIGN (0x4)
 *(.rodata)
 *(.rodata*)
                0x0000000008000ebc                . = ALIGN (0x4)

.ARM.extab      0x0000000008000ebc        0x0
                0x0000000008000ebc                . = ALIGN (0x4)
 *(.ARM.extab* .gnu.linkonce.armextab.*)
                0x0000000008000ebc                . = ALIGN (0x4)

.ARM            0x0000000008000ebc        0x0
                0x0000000008000ebc                . = ALIGN (0x4)
                0x0000000008000ebc                __exidx_start = .
 *(.ARM.exidx*)
                0x0000000008000ebc                __exidx_end = .
                0x0000000008000ebc                . = ALIGN (0x4)

.preinit_array  0x0000000008000ebc        0x0
                0x0000000008000ebc                . = ALIGN (0x4)
                0x0000000008000ebc                PROVIDE (__preinit_array_start = .)
 *(.preinit_array*)
                0x0000000008000ebc                PROVIDE (__preinit_array_end = .)
                0x0000000008000ebc                . = ALIGN (0x4)

.init_array     0x0000000008000ebc        0x4
                0x0000000008000ebc                . = ALIGN (0x4)
                0x0000000008000ebc                PROVIDE (__init_array_start = .)
 *(SORT_BY_NAME(.init_array.*))
 *(.init_array*)
 .init_array    0x0000000008000ebc        0x4 c:/st/stm32cubeide_1.1.0/stm32cubeide/plugins/com.st.stm32cube.ide.mcu.externaltools.gnu-tools-for-stm32.7-2018-q2-update.win32_1.0.0.201904181610/tools/bin/../lib/gcc/arm-none-eabi/7.3.1/thumb/v7e-m/fpv4-sp/hard/crtbegin.o
                0x0000000008000ec0                PROVIDE (__init_array_end = .)
                0x0000000008000ec0                . = ALIGN (0x4)

.fini_array     0x0000000008000ec0        0x4
                0x0000000008000ec0                . = ALIGN (0x4)
                [!provide]                        PROVIDE (__fini_array_start = .)
 *(SORT_BY_NAME(.fini_array.*))
 *(.fini_array*)
 .fini_array    0x0000000008000ec0        0x4 c:/st/stm32cubeide_1.1.0/stm32cubeide/plugins/com.st.stm32cube.ide.mcu.externaltools.gnu-tools-for-stm32.7-2018-q2-update.win32_1.0.0.201904181610/tools/bin/../lib/gcc/arm-none-eabi/7.3.1/thumb/v7e-m/fpv4-sp/hard/crtbegin.o
                [!provide]                        PROVIDE (__fini_array_end = .)
                0x0000000008000ec4                . = ALIGN (0x4)
                0x0000000008000ec4                _sidata = LOADADDR (.data)

.data           0x0000000020000000       0x2c load address 0x0000000008000ec4
                0x0000000020000000                . = ALIGN (0x4)
                0x0000000020000000                _sdata = .
 *(.data)
 *(.data*)
 .data.somedata
                0x0000000020000000       0x1e Src/007i2c_master_tx_testing.o
                0x0000000020000000                somedata
 *fill*         0x000000002000001e        0x2 
 .data.AHB_PreScalar
                0x0000000020000020        0x8 drivers/src/i2c_driver.o
                0x0000000020000020                AHB_PreScalar
 .data.APB1_PreScalar
                0x0000000020000028        0x4 drivers/src/i2c_driver.o
                0x0000000020000028                APB1_PreScalar
                0x000000002000002c                . = ALIGN (0x4)
                0x000000002000002c                _edata = .

.igot.plt       0x000000002000002c        0x0 load address 0x0000000008000ef0
 .igot.plt      0x000000002000002c        0x0 c:/st/stm32cubeide_1.1.0/stm32cubeide/plugins/com.st.stm32cube.ide.mcu.externaltools.gnu-tools-for-stm32.7-2018-q2-update.win32_1.0.0.201904181610/tools/bin/../lib/gcc/arm-none-eabi/7.3.1/thumb/v7e-m/fpv4-sp/hard/crtbegin.o
                0x000000002000002c                . = ALIGN (0x4)

.bss            0x000000002000002c       0x4c load address 0x0000000008000ef0
                0x000000002000002c                _sbss = .
                0x000000002000002c                __bss_start__ = _sbss
 *(.bss)
 .bss           0x000000002000002c       0x1c c:/st/stm32cubeide_1.1.0/stm32cubeide/plugins/com.st.stm32cube.ide.mcu.externaltools.gnu-tools-for-stm32.7-2018-q2-update.win32_1.0.0.201904181610/tools/bin/../lib/gcc/arm-none-eabi/7.3.1/thumb/v7e-m/fpv4-sp/hard/crtbegin.o
 *(.bss*)
 *(COMMON)
 COMMON         0x0000000020000048       0x30 Src/007i2c_master_tx_testing.o
                0x0000000020000048                I2C1handle
                0x0000000020000078                . = ALIGN (0x4)
                0x0000000020000078                _ebss = .
                0x0000000020000078                __bss_end__ = _ebss

._user_heap_stack
                0x0000000020000078      0x600 load address 0x0000000008000ef0
                0x0000000020000078                . = ALIGN (0x8)
                0x0000000020000078                PROVIDE (end = .)
                [!provide]                        PROVIDE (_end = .)
                0x0000000020000278                . = (. + _Min_Heap_Size)
 *fill*         0x0000000020000078      0x200 
                0x0000000020000678                . = (. + _Min_Stack_Size)
 *fill*         0x0000000020000278      0x400 
                0x0000000020000678                . = ALIGN (0x8)

/DISCARD/
 libc.a(*)
 libm.a(*)
 libgcc.a(*)

.ARM.attributes
                0x0000000000000000       0x30
 *(.ARM.attributes)
 .ARM.attributes
                0x0000000000000000       0x22 c:/st/stm32cubeide_1.1.0/stm32cubeide/plugins/com.st.stm32cube.ide.mcu.externaltools.gnu-tools-for-stm32.7-2018-q2-update.win32_1.0.0.201904181610/tools/bin/../lib/gcc/arm-none-eabi/7.3.1/thumb/v7e-m/fpv4-sp/hard/crti.o
 .ARM.attributes
                0x0000000000000022       0x34 c:/st/stm32cubeide_1.1.0/stm32cubeide/plugins/com.st.stm32cube.ide.mcu.externaltools.gnu-tools-for-stm32.7-2018-q2-update.win32_1.0.0.201904181610/tools/bin/../lib/gcc/arm-none-eabi/7.3.1/thumb/v7e-m/fpv4-sp/hard/crtbegin.o
 .ARM.attributes
                0x0000000000000056       0x39 Src/007i2c_master_tx_testing.o
 .ARM.attributes
                0x000000000000008f       0x21 Startup/startup_stm32f407vgtx.o
 .ARM.attributes
                0x00000000000000b0       0x39 drivers/src/gpio_driver.o
 .ARM.attributes
                0x00000000000000e9       0x39 drivers/src/i2c_driver.o
 .ARM.attributes
                0x0000000000000122       0x34 c:/st/stm32cubeide_1.1.0/stm32cubeide/plugins/com.st.stm32cube.ide.mcu.externaltools.gnu-tools-for-stm32.7-2018-q2-update.win32_1.0.0.201904181610/tools/bin/../lib/gcc/arm-none-eabi/7.3.1/../../../../arm-none-eabi/lib/thumb/v7e-m/fpv4-sp/hard\libc_nano.a(lib_a-init.o)
 .ARM.attributes
                0x0000000000000156       0x1b c:/st/stm32cubeide_1.1.0/stm32cubeide/plugins/com.st.stm32cube.ide.mcu.externaltools.gnu-tools-for-stm32.7-2018-q2-update.win32_1.0.0.201904181610/tools/bin/../lib/gcc/arm-none-eabi/7.3.1/../../../../arm-none-eabi/lib/thumb/v7e-m/fpv4-sp/hard\libc_nano.a(lib_a-strlen.o)
 .ARM.attributes
                0x0000000000000171       0x22 c:/st/stm32cubeide_1.1.0/stm32cubeide/plugins/com.st.stm32cube.ide.mcu.externaltools.gnu-tools-for-stm32.7-2018-q2-update.win32_1.0.0.201904181610/tools/bin/../lib/gcc/arm-none-eabi/7.3.1/thumb/v7e-m/fpv4-sp/hard/crtn.o
OUTPUT(stm32f407_drivers.elf elf32-littlearm)

.debug_info     0x0000000000000000     0x305d
 .debug_info    0x0000000000000000      0xd9c Src/007i2c_master_tx_testing.o
 .debug_info    0x0000000000000d9c       0x22 Startup/startup_stm32f407vgtx.o
 .debug_info    0x0000000000000dbe      0xfe1 drivers/src/gpio_driver.o
 .debug_info    0x0000000000001d9f     0x12be drivers/src/i2c_driver.o

.debug_abbrev   0x0000000000000000      0x74c
 .debug_abbrev  0x0000000000000000      0x21c Src/007i2c_master_tx_testing.o
 .debug_abbrev  0x000000000000021c       0x12 Startup/startup_stm32f407vgtx.o
 .debug_abbrev  0x000000000000022e      0x20a drivers/src/gpio_driver.o
 .debug_abbrev  0x0000000000000438      0x314 drivers/src/i2c_driver.o

.debug_aranges  0x0000000000000000      0x1e0
 .debug_aranges
                0x0000000000000000       0x40 Src/007i2c_master_tx_testing.o
 .debug_aranges
                0x0000000000000040       0x28 Startup/startup_stm32f407vgtx.o
 .debug_aranges
                0x0000000000000068       0x80 drivers/src/gpio_driver.o
 .debug_aranges
                0x00000000000000e8       0xf8 drivers/src/i2c_driver.o

.debug_ranges   0x0000000000000000      0x1a8
 .debug_ranges  0x0000000000000000       0x30 Src/007i2c_master_tx_testing.o
 .debug_ranges  0x0000000000000030       0x20 Startup/startup_stm32f407vgtx.o
 .debug_ranges  0x0000000000000050       0x70 drivers/src/gpio_driver.o
 .debug_ranges  0x00000000000000c0       0xe8 drivers/src/i2c_driver.o

.debug_macro    0x0000000000000000     0x2de5
 .debug_macro   0x0000000000000000      0x23b Src/007i2c_master_tx_testing.o
 .debug_macro   0x000000000000023b      0xa60 Src/007i2c_master_tx_testing.o
 .debug_macro   0x0000000000000c9b       0x22 Src/007i2c_master_tx_testing.o
 .debug_macro   0x0000000000000cbd       0x8e Src/007i2c_master_tx_testing.o
 .debug_macro   0x0000000000000d4b       0x51 Src/007i2c_master_tx_testing.o
 .debug_macro   0x0000000000000d9c       0xef Src/007i2c_master_tx_testing.o
 .debug_macro   0x0000000000000e8b       0x6a Src/007i2c_master_tx_testing.o
 .debug_macro   0x0000000000000ef5      0x1df Src/007i2c_master_tx_testing.o
 .debug_macro   0x00000000000010d4       0x46 Src/007i2c_master_tx_testing.o
 .debug_macro   0x000000000000111a       0x18 Src/007i2c_master_tx_testing.o
 .debug_macro   0x0000000000001132       0x3c Src/007i2c_master_tx_testing.o
 .debug_macro   0x000000000000116e       0x34 Src/007i2c_master_tx_testing.o
 .debug_macro   0x00000000000011a2      0x174 Src/007i2c_master_tx_testing.o
 .debug_macro   0x0000000000001316       0x52 Src/007i2c_master_tx_testing.o
 .debug_macro   0x0000000000001368       0x1f Src/007i2c_master_tx_testing.o
 .debug_macro   0x0000000000001387       0x43 Src/007i2c_master_tx_testing.o
 .debug_macro   0x00000000000013ca       0x20 Src/007i2c_master_tx_testing.o
 .debug_macro   0x00000000000013ea      0x1a3 Src/007i2c_master_tx_testing.o
 .debug_macro   0x000000000000158d      0x330 Src/007i2c_master_tx_testing.o
 .debug_macro   0x00000000000018bd       0x10 Src/007i2c_master_tx_testing.o
 .debug_macro   0x00000000000018cd       0x35 Src/007i2c_master_tx_testing.o
 .debug_macro   0x0000000000001902       0x20 Src/007i2c_master_tx_testing.o
 .debug_macro   0x0000000000001922      0x97f Src/007i2c_master_tx_testing.o
 .debug_macro   0x00000000000022a1       0x64 Src/007i2c_master_tx_testing.o
 .debug_macro   0x0000000000002305       0xc2 Src/007i2c_master_tx_testing.o
 .debug_macro   0x00000000000023c7       0xd6 Src/007i2c_master_tx_testing.o
 .debug_macro   0x000000000000249d      0x10f Src/007i2c_master_tx_testing.o
 .debug_macro   0x00000000000025ac       0x1c Src/007i2c_master_tx_testing.o
 .debug_macro   0x00000000000025c8       0x10 Src/007i2c_master_tx_testing.o
 .debug_macro   0x00000000000025d8       0x10 Src/007i2c_master_tx_testing.o
 .debug_macro   0x00000000000025e8       0x1c Src/007i2c_master_tx_testing.o
 .debug_macro   0x0000000000002604       0x52 Src/007i2c_master_tx_testing.o
 .debug_macro   0x0000000000002656       0x40 Src/007i2c_master_tx_testing.o
 .debug_macro   0x0000000000002696       0x10 Src/007i2c_master_tx_testing.o
 .debug_macro   0x00000000000026a6       0x40 Src/007i2c_master_tx_testing.o
 .debug_macro   0x00000000000026e6       0xd7 Src/007i2c_master_tx_testing.o
 .debug_macro   0x00000000000027bd       0x1c Src/007i2c_master_tx_testing.o
 .debug_macro   0x00000000000027d9       0x3d Src/007i2c_master_tx_testing.o
 .debug_macro   0x0000000000002816       0x16 Src/007i2c_master_tx_testing.o
 .debug_macro   0x000000000000282c      0x145 Src/007i2c_master_tx_testing.o
 .debug_macro   0x0000000000002971      0x174 drivers/src/gpio_driver.o
 .debug_macro   0x0000000000002ae5       0xbc drivers/src/gpio_driver.o
 .debug_macro   0x0000000000002ba1      0x174 drivers/src/i2c_driver.o
 .debug_macro   0x0000000000002d15       0xd0 drivers/src/i2c_driver.o

.debug_line     0x0000000000000000     0x1839
 .debug_line    0x0000000000000000      0x6a1 Src/007i2c_master_tx_testing.o
 .debug_line    0x00000000000006a1       0x84 Startup/startup_stm32f407vgtx.o
 .debug_line    0x0000000000000725      0x7a8 drivers/src/gpio_driver.o
 .debug_line    0x0000000000000ecd      0x96c drivers/src/i2c_driver.o

.debug_str      0x0000000000000000     0xbce6
 .debug_str     0x0000000000000000     0xb7a0 Src/007i2c_master_tx_testing.o
                                       0xba3b (size before relaxing)
 .debug_str     0x000000000000b7a0       0x31 Startup/startup_stm32f407vgtx.o
                                         0x62 (size before relaxing)
 .debug_str     0x000000000000b7d1      0x1d0 drivers/src/gpio_driver.o
                                       0xa8e3 (size before relaxing)
 .debug_str     0x000000000000b9a1      0x345 drivers/src/i2c_driver.o
                                       0xaaa7 (size before relaxing)

.comment        0x0000000000000000       0x7b
 .comment       0x0000000000000000       0x7b Src/007i2c_master_tx_testing.o
                                         0x7c (size before relaxing)
 .comment       0x000000000000007b       0x7c drivers/src/gpio_driver.o
 .comment       0x000000000000007b       0x7c drivers/src/i2c_driver.o

.debug_frame    0x0000000000000000      0x744
 .debug_frame   0x0000000000000000       0xbc Src/007i2c_master_tx_testing.o
 .debug_frame   0x00000000000000bc      0x218 drivers/src/gpio_driver.o
 .debug_frame   0x00000000000002d4      0x444 drivers/src/i2c_driver.o
 .debug_frame   0x0000000000000718       0x2c c:/st/stm32cubeide_1.1.0/stm32cubeide/plugins/com.st.stm32cube.ide.mcu.externaltools.gnu-tools-for-stm32.7-2018-q2-update.win32_1.0.0.201904181610/tools/bin/../lib/gcc/arm-none-eabi/7.3.1/../../../../arm-none-eabi/lib/thumb/v7e-m/fpv4-sp/hard\libc_nano.a(lib_a-init.o)
